Component: ARM Compiler 5.05 update 2 (build 169) Tool: armlink [4d0f33]

==============================================================================

Section Cross References

    startup_stm32f10x_hd.o(RESET) refers to startup_stm32f10x_hd.o(STACK) for __initial_sp
    startup_stm32f10x_hd.o(RESET) refers to startup_stm32f10x_hd.o(.text) for Reset_Handler
    startup_stm32f10x_hd.o(RESET) refers to stm32f10x_it.o(.text) for NMI_Handler
    startup_stm32f10x_hd.o(.text) refers to system_stm32f10x.o(.text) for SystemInit
    startup_stm32f10x_hd.o(.text) refers to entry.o(.ARM.Collect$$$$00000000) for __main
    system_stm32f10x.o(.text) refers to system_stm32f10x.o(.data) for SystemCoreClock
    stm32f10x_adc.o(.text) refers to stm32f10x_rcc.o(.text) for RCC_APB2PeriphResetCmd
    stm32f10x_bkp.o(.text) refers to stm32f10x_rcc.o(.text) for RCC_BackupResetCmd
    stm32f10x_can.o(.text) refers to stm32f10x_rcc.o(.text) for RCC_APB1PeriphResetCmd
    stm32f10x_cec.o(.text) refers to stm32f10x_rcc.o(.text) for RCC_APB1PeriphResetCmd
    stm32f10x_dac.o(.text) refers to stm32f10x_rcc.o(.text) for RCC_APB1PeriphResetCmd
    stm32f10x_gpio.o(.text) refers to stm32f10x_rcc.o(.text) for RCC_APB2PeriphResetCmd
    stm32f10x_i2c.o(.text) refers to stm32f10x_rcc.o(.text) for RCC_APB1PeriphResetCmd
    stm32f10x_pwr.o(.text) refers to stm32f10x_rcc.o(.text) for RCC_APB1PeriphResetCmd
    stm32f10x_rcc.o(.text) refers to stm32f10x_rcc.o(.data) for APBAHBPrescTable
    stm32f10x_spi.o(.text) refers to stm32f10x_rcc.o(.text) for RCC_APB2PeriphResetCmd
    stm32f10x_tim.o(.text) refers to stm32f10x_rcc.o(.text) for RCC_APB2PeriphResetCmd
    stm32f10x_usart.o(.text) refers to stm32f10x_rcc.o(.text) for RCC_APB2PeriphResetCmd
    stm32f10x_wwdg.o(.text) refers to stm32f10x_rcc.o(.text) for RCC_APB1PeriphResetCmd
    main.o(.text) refers to oled.o(.text) for OLED_Init
    main.o(.text) refers to bsp_systick.o(.text) for SysTick_Delay_Ms
    main.o(.text) refers to bsp_usart.o(.text) for USART_Config
    main.o(.text) refers to bsp_key.o(.text) for EXTI_Key_Config
    main.o(.text) refers to bsp_beep.o(.text) for BEEP_GPIO_Config
    main.o(.text) refers to bsp_rtc.o(.text) for RTC_NVIC_Config
    main.o(.text) refers to stm32f10x_rtc.o(.text) for RTC_WaitForLastTask
    main.o(.text) refers to getc.o(i.getc) for getc
    main.o(.text) refers to stm32f10x_gpio.o(.text) for GPIO_SetBits
    main.o(.text) refers to stm32f10x_bkp.o(.text) for BKP_WriteBackupRegister
    main.o(.text) refers to delay.o(.text) for delay_init
    main.o(.text) refers to ds18b20.o(.text) for DS18B20_Init
    main.o(.text) refers to max30102.o(.text) for max30102_init
    main.o(.text) refers to main.o(.data) for BMP1
    main.o(.text) refers to stdin.o(.data) for __stdin
    main.o(.text) refers to bsp_rtc.o(.data) for TimeAlarm
    main.o(.text) refers to main.o(.bss) for aun_red_buffer
    main.o(.text) refers to algorithm.o(.text) for maxim_heart_rate_and_oxygen_saturation
    main.o(.text) refers to ffltui.o(.text) for __aeabi_ui2f
    main.o(.text) refers to fdiv.o(.text) for __aeabi_fdiv
    main.o(.text) refers to fmul.o(.text) for __aeabi_fmul
    main.o(.text) refers to ffixi.o(.text) for __aeabi_f2iz
    main.o(.text) refers to ffixui.o(.text) for __aeabi_f2uiz
    main.o(.text) refers to cfcmple.o(.text) for __aeabi_cfcmple
    main.o(.text) refers to printfa.o(i.__0printf) for __2printf
    main.o(.text) refers to f2d.o(.text) for __aeabi_f2d
    stm32f10x_it.o(.text) refers to stm32f10x_rtc.o(.text) for RTC_GetITStatus
    stm32f10x_it.o(.text) refers to stm32f10x_exti.o(.text) for EXTI_GetITStatus
    stm32f10x_it.o(.text) refers to stm32f10x_gpio.o(.text) for GPIO_ResetBits
    stm32f10x_it.o(.text) refers to bsp_rtc.o(.data) for TimeDisplay
    stm32f10x_it.o(.text) refers to main.o(.data) for chose
    bsp_calendar.o(.text) refers to bsp_calendar.o(.constdata) for year_code
    bsp_calendar.o(.text) refers to bsp_calendar.o(.data) for sky
    bsp_calendar.o(.data) refers to bsp_calendar.o(.conststring) for .conststring
    bsp_date.o(.text) refers to memcpya.o(.text) for __aeabi_memcpy4
    bsp_date.o(.text) refers to bsp_date.o(.constdata) for .constdata
    bsp_date.o(.text) refers to bsp_date.o(.data) for month_days
    bsp_rtc.o(.text) refers to _scanf_int.o(.text) for _scanf_int
    bsp_rtc.o(.text) refers to misc.o(.text) for NVIC_PriorityGroupConfig
    bsp_rtc.o(.text) refers to stm32f10x_rcc.o(.text) for RCC_APB1PeriphClockCmd
    bsp_rtc.o(.text) refers to stm32f10x_pwr.o(.text) for PWR_BackupAccessCmd
    bsp_rtc.o(.text) refers to stm32f10x_rtc.o(.text) for RTC_WaitForSynchro
    bsp_rtc.o(.text) refers to bsp_date.o(.text) for GregorianDay
    bsp_rtc.o(.text) refers to stm32f10x_bkp.o(.text) for BKP_ReadBackupRegister
    bsp_rtc.o(.text) refers to printfa.o(i.__0printf) for __2printf
    bsp_rtc.o(.text) refers to __0scanf.o(.text) for __0scanf
    bsp_rtc.o(.text) refers to oled.o(.text) for OLED_ShowNum
[...]
    printf8.o(i.__0snprintf$8) refers to printf8.o(i._snputc) for _snputc
    printf8.o(i.__0sprintf$8) refers to printf8.o(i._printf_core) for _printf_core
    printf8.o(i.__0sprintf$8) refers to printf8.o(i._sputc) for _sputc
    printf8.o(i.__0vfprintf$8) refers to printf8.o(i._printf_core) for _printf_core
    printf8.o(i.__0vfprintf$8) refers to bsp_usart.o(.text) for fputc
    printf8.o(i.__0vprintf$8) refers to printf8.o(i._printf_core) for _printf_core
    printf8.o(i.__0vprintf$8) refers to bsp_usart.o(.text) for fputc
    printf8.o(i.__0vprintf$8) refers to stdout.o(.data) for __stdout
    printf8.o(i.__0vsnprintf$8) refers to printf8.o(i._printf_core) for _printf_core
    printf8.o(i.__0vsnprintf$8) refers to printf8.o(i._snputc) for _snputc
    printf8.o(i.__0vsprintf$8) refers to printf8.o(i._printf_core) for _printf_core
    printf8.o(i.__0vsprintf$8) refers to printf8.o(i._sputc) for _sputc
    printf8.o(i._printf_core) refers to printf8.o(i._printf_pre_padding) for _printf_pre_padding
    printf8.o(i._printf_core) refers to uldiv.o(.text) for __aeabi_uldivmod
    printf8.o(i._printf_core) refers to printf8.o(i._printf_post_padding) for _printf_post_padding
    printfa.o(i.__0fprintf) refers (Special) to iusefp.o(.text) for __I$use$fp
    printfa.o(i.__0fprintf) refers to printfa.o(i._printf_core) for _printf_core
    printfa.o(i.__0fprintf) refers to bsp_usart.o(.text) for fputc
    printfa.o(i.__0printf) refers (Special) to iusefp.o(.text) for __I$use$fp
    printfa.o(i.__0printf) refers to printfa.o(i._printf_core) for _printf_core
    printfa.o(i.__0printf) refers to bsp_usart.o(.text) for fputc
    printfa.o(i.__0printf) refers to stdout.o(.data) for __stdout
    printfa.o(i.__0snprintf) refers (Special) to iusefp.o(.text) for __I$use$fp
    printfa.o(i.__0snprintf) refers to printfa.o(i._printf_core) for _printf_core
    printfa.o(i.__0snprintf) refers to printfa.o(i._snputc) for _snputc
    printfa.o(i.__0sprintf) refers (Special) to iusefp.o(.text) for __I$use$fp
    printfa.o(i.__0sprintf) refers to printfa.o(i._printf_core) for _printf_core
    printfa.o(i.__0sprintf) refers to printfa.o(i._sputc) for _sputc
    printfa.o(i.__0vfprintf) refers (Special) to iusefp.o(.text) for __I$use$fp
    printfa.o(i.__0vfprintf) refers to printfa.o(i._printf_core) for _printf_core
    printfa.o(i.__0vfprintf) refers to bsp_usart.o(.text) for fputc
    printfa.o(i.__0vprintf) refers (Special) to iusefp.o(.text) for __I$use$fp
    printfa.o(i.__0vprintf) refers to printfa.o(i._printf_core) for _printf_core
    printfa.o(i.__0vprintf) refers to bsp_usart.o(.text) for fputc
    printfa.o(i.__0vprintf) refers to stdout.o(.data) for __stdout
    printfa.o(i.__0vsnprintf) refers (Special) to iusefp.o(.text) for __I$use$fp
    printfa.o(i.__0vsnprintf) refers to printfa.o(i._printf_core) for _printf_core
    printfa.o(i.__0vsnprintf) refers to printfa.o(i._snputc) for _snputc
    printfa.o(i.__0vsprintf) refers (Special) to iusefp.o(.text) for __I$use$fp
    printfa.o(i.__0vsprintf) refers to printfa.o(i._printf_core) for _printf_core
    printfa.o(i.__0vsprintf) refers to printfa.o(i._sputc) for _sputc
    printfa.o(i._fp_digits) refers (Special) to iusefp.o(.text) for __I$use$fp
    printfa.o(i._fp_digits) refers to dmul.o(.text) for __aeabi_dmul
    printfa.o(i._fp_digits) refers to ddiv.o(.text) for __aeabi_ddiv
    printfa.o(i._fp_digits) refers to cdrcmple.o(.text) for __aeabi_cdrcmple
    printfa.o(i._fp_digits) refers to dadd.o(.text) for __aeabi_dadd
    printfa.o(i._fp_digits) refers to dfixul.o(.text) for __aeabi_d2ulz
    printfa.o(i._fp_digits) refers to uldiv.o(.text) for __aeabi_uldivmod
    printfa.o(i._printf_core) refers (Special) to iusefp.o(.text) for __I$use$fp
    printfa.o(i._printf_core) refers to printfa.o(i._printf_pre_padding) for _printf_pre_padding
    printfa.o(i._printf_core) refers to uldiv.o(.text) for __aeabi_uldivmod
    printfa.o(i._printf_core) refers to printfa.o(i._printf_post_padding) for _printf_post_padding
    printfa.o(i._printf_core) refers to printfa.o(i._fp_digits) for _fp_digits
    printfa.o(i._printf_core) refers to uidiv.o(.text) for __aeabi_uidivmod
    printfa.o(i._printf_post_padding) refers (Special) to iusefp.o(.text) for __I$use$fp
    printfa.o(i._printf_pre_padding) refers (Special) to iusefp.o(.text) for __I$use$fp
    printfa.o(i._snputc) refers (Special) to iusefp.o(.text) for __I$use$fp
    printfa.o(i._sputc) refers (Special) to iusefp.o(.text) for __I$use$fp
    __0scanf.o(.text) refers to scanf_char_file.o(.text) for __vfscanf_char_file
    __0scanf.o(.text) refers to stdin.o(.data) for __stdin
    _scanf_int.o(.text) refers to _chval.o(.text) for _chval
    fmul.o(.text) refers (Special) to iusefp.o(.text) for __I$use$fp
    fdiv.o(.text) refers (Special) to iusefp.o(.text) for __I$use$fp
    fdiv.o(.text) refers to fepilogue.o(.text) for _float_round
    dmul.o(.text) refers (Special) to iusefp.o(.text) for __I$use$fp
    dmul.o(.text) refers to depilogue.o(.text) for _double_epilogue
    ffltui.o(.text) refers (Special) to iusefp.o(.text) for __I$use$fp
    ffltui.o(.text) refers to fepilogue.o(.text) for _float_epilogue
    dfltui.o(.text) refers (Special) to iusefp.o(.text) for __I$use$fp
    dfltui.o(.text) refers to depilogue.o(.text) for _double_epilogue
    ffixi.o(.text) refers (Special) to iusefp.o(.text) for __I$use$fp
    ffixui.o(.text) refers (Special) to iusefp.o(.text) for __I$use$fp
    f2d.o(.text) refers (Special) to iusefp.o(.text) for __I$use$fp
    d2f.o(.text) refers (Special) to iusefp.o(.text) for __I$use$fp
    d2f.o(.text) refers to fepilogue.o(.text) for _float_round
    cfcmple.o(.text) refers (Special) to iusefp.o(.text) for __I$use$fp
    entry2.o(.ARM.Collect$$$$00000001) refers to entry2.o(.ARM.Collect$$$$00002712) for __lit__00000000
    entry2.o(.ARM.Collect$$$$00002712) refers to startup_stm32f10x_hd.o(STACK) for __initial_sp
    entry2.o(__vectab_stack_and_reset_area) refers to startup_stm32f10x_hd.o(STACK) for __initial_sp
    entry2.o(__vectab_stack_and_reset_area) refers to entry.o(.ARM.Collect$$$$00000000) for __main
    entry5.o(.ARM.Collect$$$$00000004) refers to init.o(.text) for __scatterload
    entry9a.o(.ARM.Collect$$$$0000000B) refers to main.o(.text) for main
    entry9b.o(.ARM.Collect$$$$0000000C) refers to main.o(.text) for main
    uldiv.o(.text) refers to llushr.o(.text) for __aeabi_llsr
    uldiv.o(.text) refers to llshl.o(.text) for __aeabi_llsl
    scanf_char_file.o(.text) refers to scanf_char.o(.text) for __vfscanf_char
    scanf_char_file.o(.text) refers to bsp_usart.o(.text) for fgetc
    scanf_char_file.o(.text) refers to fgetc_b.o(.text) for __backspace
    depilogue.o(.text) refers to llshl.o(.text) for __aeabi_llsl
    depilogue.o(.text) refers to llushr.o(.text) for __aeabi_llsr
    dadd.o(.text) refers to llshl.o(.text) for __aeabi_llsl
    dadd.o(.text) refers to llsshr.o(.text) for __aeabi_lasr
    dadd.o(.text) refers to depilogue.o(.text) for _double_epilogue
    ddiv.o(.text) refers to depilogue.o(.text) for _double_round
    dfixul.o(.text) refers to llushr.o(.text) for __aeabi_llsr
    dfixul.o(.text) refers to llshl.o(.text) for __aeabi_llsl
    init.o(.text) refers to entry5.o(.ARM.Collect$$$$00000004) for __main_after_scatterload
    fgetc_b.o(.text) refers (Special) to iusesemig.o(.text) for __I$use$semihosting$fgetc
    fgetc_b.o(.text) refers (Special) to semi.o(.text) for __semihosting_library_function
    fgetc_b.o(.text) refers to fgetc_b.o(.data) for .data
    fgetc_b.o(.data) refers (Special) to iusesemig.o(.text) for __I$use$semihosting$fgetc
    fgetc_b.o(.data) refers (Special) to semi.o(.text) for __semihosting_library_function
    scanf_char.o(.text) refers to _scanf.o(.text) for __vfscanf
    scanf_char.o(.text) refers to isspace_c.o(.text) for isspace
    isspace_c.o(.text) refers to ctype_c.o(.text) for __ctype_lookup
    _scanf.o(.text) refers (Weak) to _scanf_int.o(.text) for _scanf_int
    ctype_c.o(.text) refers to ctype_c.o(.constdata) for .constdata


==============================================================================

Removing Unused input sections from the image.

    Removing startup_stm32f10x_hd.o(HEAP), (512 bytes).
    Removing core_cm3.o(.emb_text), (32 bytes).
    Removing stm32f10x_adc.o(.text), (1102 bytes).
    Removing stm32f10x_can.o(.text), (2544 bytes).
    Removing stm32f10x_cec.o(.text), (288 bytes).
    Removing stm32f10x_crc.o(.text), (72 bytes).
    Removing stm32f10x_dac.o(.text), (396 bytes).
    Removing stm32f10x_dbgmcu.o(.text), (48 bytes).
    Removing stm32f10x_dma.o(.text), (596 bytes).
    Removing stm32f10x_flash.o(.text), (1468 bytes).
    Removing stm32f10x_fsmc.o(.text), (1548 bytes).
    Removing stm32f10x_i2c.o(.text), (1028 bytes).
    Removing stm32f10x_iwdg.o(.text), (64 bytes).
    Removing stm32f10x_sdio.o(.text), (468 bytes).
    Removing stm32f10x_spi.o(.text), (780 bytes).
    Removing stm32f10x_tim.o(.text), (3610 bytes).
    Removing stm32f10x_wwdg.o(.text), (136 bytes).
    Removing bsp_calendar.o(.text), (1668 bytes).
    Removing bsp_calendar.o(.constdata), (814 bytes).
    Removing bsp_calendar.o(.conststring), (335 bytes).
    Removing bsp_calendar.o(.data), (248 bytes).
    Removing sys.o(.text), (12 bytes).

22 unused section(s) (total 17769 bytes) removed from the image.

==============================================================================

Image Symbol Table

    Local Symbols

    Symbol Name                              Value     Ov Type        Size  Object(Section)

    ../clib/../cmprslib/zerorunl2.c          0x00000000   Number         0  __dczerorl2.o ABSOLUTE
    ../clib/microlib/ctype/ctype.c           0x00000000   Number         0  ctype_c.o ABSOLUTE
    ../clib/microlib/ctype/ctype.c           0x00000000   Number         0  isspace_c.o ABSOLUTE
    ../clib/microlib/division.c              0x00000000   Number         0  uldiv.o ABSOLUTE
    ../clib/microlib/division.c              0x00000000   Number         0  uidiv.o ABSOLUTE
    ../clib/microlib/init/entry.s            0x00000000   Number         0  entry10b.o ABSOLUTE
    ../clib/microlib/init/entry.s            0x00000000   Number         0  entry10a.o ABSOLUTE
    ../clib/microlib/init/entry.s            0x00000000   Number         0  entry9b.o ABSOLUTE
    ../clib/microlib/init/entry.s            0x00000000   Number         0  entry9a.o ABSOLUTE
    ../clib/microlib/init/entry.s            0x00000000   Number         0  entry11a.o ABSOLUTE
    ../clib/microlib/init/entry.s            0x00000000   Number         0  entry2.o ABSOLUTE
    ../clib/microlib/init/entry.s            0x00000000   Number         0  entry8b.o ABSOLUTE
    ../clib/microlib/init/entry.s            0x00000000   Number         0  entry8a.o ABSOLUTE
    ../clib/microlib/init/entry.s            0x00000000   Number         0  entry7a.o ABSOLUTE
    ../clib/microlib/init/entry.s            0x00000000   Number         0  entry.o ABSOLUTE
    ../clib/microlib/init/entry.s            0x00000000   Number         0  entry5.o ABSOLUTE
    ../clib/microlib/init/entry.s            0x00000000   Number         0  entry11b.o ABSOLUTE
    ../clib/microlib/init/entry.s            0x00000000   Number         0  entry7b.o ABSOLUTE
    ../clib/microlib/longlong.c              0x00000000   Number         0  llushr.o ABSOLUTE
    ../clib/microlib/longlong.c              0x00000000   Number         0  llsshr.o ABSOLUTE
    ../clib/microlib/longlong.c              0x00000000   Number         0  llshl.o ABSOLUTE
    ../clib/microlib/printf/printf.c         0x00000000   Number         0  printf8.o ABSOLUTE
    ../clib/microlib/printf/printf.c         0x00000000   Number         0  printfa.o ABSOLUTE
    ../clib/microlib/printf/printf.c         0x00000000   Number         0  printf6.o ABSOLUTE
    ../clib/microlib/printf/printf.c         0x00000000   Number         0  printf5.o ABSOLUTE
    ../clib/microlib/printf/printf.c         0x00000000   Number         0  printf4.o ABSOLUTE
    ../clib/microlib/printf/printf.c         0x00000000   Number         0  printf3.o ABSOLUTE
    ../clib/microlib/printf/printf.c         0x00000000   Number         0  printf0.o ABSOLUTE
    ../clib/microlib/printf/printf.c         0x00000000   Number         0  printf2.o ABSOLUTE
    ../clib/microlib/printf/printf.c         0x00000000   Number         0  printf1.o ABSOLUTE
    ../clib/microlib/printf/printf.c         0x00000000   Number         0  printfb.o ABSOLUTE
    ../clib/microlib/printf/printf.c         0x00000000   Number         0  printf7.o ABSOLUTE
    ../clib/microlib/printf/stubs.s          0x00000000   Number         0  stubs.o ABSOLUTE
    ../clib/microlib/stdio/fgetc.c           0x00000000   Number         0  fgetc_b.o ABSOLUTE
    ../clib/microlib/stdio/getc.c            0x00000000   Number         0  getc.o ABSOLUTE
    ../clib/microlib/stdio/semi.s            0x00000000   Number         0  semi.o ABSOLUTE
    ../clib/microlib/stdio/streams.c         0x00000000   Number         0  stdin.o ABSOLUTE
    ../clib/microlib/stdio/streams.c         0x00000000   Number         0  stdout.o ABSOLUTE
    ../clib/microlib/string/memcpy.c         0x00000000   Number         0  memcpyb.o ABSOLUTE
    ../clib/microlib/string/memcpy.c         0x00000000   Number         0  memcpya.o ABSOLUTE
    ../clib/microlib/stubs.s                 0x00000000   Number         0  iusefp.o ABSOLUTE
    ../clib/microlib/stubs.s                 0x00000000   Number         0  iusesemig.o ABSOLUTE
    ../clib/scanf.c                          0x00000000   Number         0  _scanf.o ABSOLUTE
    ../clib/scanf.c                          0x00000000   Number         0  __0scanf.o ABSOLUTE
    ../clib/scanf.c                          0x00000000   Number         0  _scanf_int.o ABSOLUTE
    ../clib/scanf.c                          0x00000000   Number         0  _chval.o ABSOLUTE
    ../clib/scanf.c                          0x00000000   Number         0  scanf_char.o ABSOLUTE
    ../clib/scanf.c                          0x00000000   Number         0  scanf_char_file.o ABSOLUTE
    ../fplib/microlib/d2f.c                  0x00000000   Number         0  d2f.o ABSOLUTE
    ../fplib/microlib/f2d.c                  0x00000000   Number         0  f2d.o ABSOLUTE
    ../fplib/microlib/fpadd.c                0x00000000   Number         0  dadd.o ABSOLUTE
    ../fplib/microlib/fpdiv.c                0x00000000   Number         0  fdiv.o ABSOLUTE
    ../fplib/microlib/fpdiv.c                0x00000000   Number         0  ddiv.o ABSOLUTE
    ../fplib/microlib/fpepilogue.c           0x00000000   Number         0  fepilogue.o ABSOLUTE
    ../fplib/microlib/fpepilogue.c           0x00000000   Number         0  depilogue.o ABSOLUTE
    ../fplib/microlib/fpfix.c                0x00000000   Number         0  dfixul.o ABSOLUTE
    ../fplib/microlib/fpfix.c                0x00000000   Number         0  ffixi.o ABSOLUTE
    ../fplib/microlib/fpfix.c                0x00000000   Number         0  ffixui.o ABSOLUTE
    ../fplib/microlib/fpflt.c                0x00000000   Number         0  dfltui.o ABSOLUTE
    ../fplib/microlib/fpflt.c                0x00000000   Number         0  ffltui.o ABSOLUTE
    ../fplib/microlib/fpmul.c                0x00000000   Number         0  fmul.o ABSOLUTE
    ../fplib/microlib/fpmul.c                0x00000000   Number         0  dmul.o ABSOLUTE
    ..\..\Libraries\CMSIS\core_cm3.c         0x00000000   Number         0  core_cm3.o ABSOLUTE
    ..\..\Libraries\CMSIS\startup\startup_stm32f10x_hd.s 0x00000000   Number         0  startup_stm32f10x_hd.o ABSOLUTE
    ..\..\Libraries\CMSIS\system_stm32f10x.c 0x00000000   Number         0  system_stm32f10x.o ABSOLUTE
    ..\..\Libraries\FWlib\src\misc.c         0x00000000   Number         0  misc.o ABSOLUTE
    ..\..\Libraries\FWlib\src\stm32f10x_adc.c 0x00000000   Number         0  stm32f10x_adc.o ABSOLUTE
    ..\..\Libraries\FWlib\src\stm32f10x_bkp.c 0x00000000   Number         0  stm32f10x_bkp.o ABSOLUTE
    ..\..\Libraries\FWlib\src\stm32f10x_can.c 0x00000000   Number         0  stm32f10x_can.o ABSOLUTE
    ..\..\Libraries\FWlib\src\stm32f10x_cec.c 0x00000000   Number         0  stm32f10x_cec.o ABSOLUTE
    ..\..\Libraries\FWlib\src\stm32f10x_crc.c 0x00000000   Number         0  stm32f10x_crc.o ABSOLUTE
    ..\..\Libraries\FWlib\src\stm32f10x_dac.c 0x00000000   Number         0  stm32f10x_dac.o ABSOLUTE
    ..\..\Libraries\FWlib\src\stm32f10x_dbgmcu.c 0x00000000   Number         0  stm32f10x_dbgmcu.o ABSOLUTE
    ..\..\Libraries\FWlib\src\stm32f10x_dma.c 0x00000000   Number         0  stm32f10x_dma.o ABSOLUTE
    ..\..\Libraries\FWlib\src\stm32f10x_exti.c 0x00000000   Number         0  stm32f10x_exti.o ABSOLUTE
    ..\..\Libraries\FWlib\src\stm32f10x_flash.c 0x00000000   Number         0  stm32f10x_flash.o ABSOLUTE
    ..\..\Libraries\FWlib\src\stm32f10x_fsmc.c 0x00000000   Number         0  stm32f10x_fsmc.o ABSOLUTE
    ..\..\Libraries\FWlib\src\stm32f10x_gpio.c 0x00000000   Number         0  stm32f10x_gpio.o ABSOLUTE
    ..\..\Libraries\FWlib\src\stm32f10x_i2c.c 0x00000000   Number         0  stm32f10x_i2c.o ABSOLUTE
    ..\..\Libraries\FWlib\src\stm32f10x_iwdg.c 0x00000000   Number         0  stm32f10x_iwdg.o ABSOLUTE
    ..\..\Libraries\FWlib\src\stm32f10x_pwr.c 0x00000000   Number         0  stm32f10x_pwr.o ABSOLUTE
    ..\..\Libraries\FWlib\src\stm32f10x_rcc.c 0x00000000   Number         0  stm32f10x_rcc.o ABSOLUTE
    ..\..\Libraries\FWlib\src\stm32f10x_rtc.c 0x00000000   Number         0  stm32f10x_rtc.o ABSOLUTE
    ..\..\Libraries\FWlib\src\stm32f10x_sdio.c 0x00000000   Number         0  stm32f10x_sdio.o ABSOLUTE
    ..\..\Libraries\FWlib\src\stm32f10x_spi.c 0x00000000   Number         0  stm32f10x_spi.o ABSOLUTE
    ..\..\Libraries\FWlib\src\stm32f10x_tim.c 0x00000000   Number         0  stm32f10x_tim.o ABSOLUTE
    ..\..\Libraries\FWlib\src\stm32f10x_usart.c 0x00000000   Number         0  stm32f10x_usart.o ABSOLUTE
    ..\..\Libraries\FWlib\src\stm32f10x_wwdg.c 0x00000000   Number         0  stm32f10x_wwdg.o ABSOLUTE
    ..\..\User\DS18B20\ds18b20.c             0x00000000   Number         0  ds18b20.o ABSOLUTE
    ..\..\User\IIC\algorithm.c               0x00000000   Number         0  algorithm.o ABSOLUTE
    ..\..\User\IIC\delay\delay.c             0x00000000   Number         0  delay.o ABSOLUTE
    ..\..\User\IIC\max30102.c                0x00000000   Number         0  max30102.o ABSOLUTE
    ..\..\User\IIC\myiic.c                   0x00000000   Number         0  myiic.o ABSOLUTE
    ..\..\User\IIC\sys\sys.c                 0x00000000   Number         0  sys.o ABSOLUTE
    ..\..\User\Key\bsp_key.c                 0x00000000   Number         0  bsp_key.o ABSOLUTE
    ..\..\User\OLED\oled.c                   0x00000000   Number         0  oled.o ABSOLUTE
    ..\..\User\SysTick\bsp_SysTick.c         0x00000000   Number         0  bsp_systick.o ABSOLUTE
    ..\..\User\beep\bsp_beep.c               0x00000000   Number         0  bsp_beep.o ABSOLUTE
    ..\..\User\main.c                        0x00000000   Number         0  main.o ABSOLUTE
    ..\..\User\rtc\bsp_calendar.c            0x00000000   Number         0  bsp_calendar.o ABSOLUTE
    ..\..\User\rtc\bsp_date.c                0x00000000   Number         0  bsp_date.o ABSOLUTE
    ..\..\User\rtc\bsp_rtc.c                 0x00000000   Number         0  bsp_rtc.o ABSOLUTE
    ..\..\User\stm32f10x_it.c                0x00000000   Number         0  stm32f10x_it.o ABSOLUTE
    ..\..\User\usart\bsp_usart.c             0x00000000   Number         0  bsp_usart.o ABSOLUTE
    ..\\..\\Libraries\\CMSIS\\core_cm3.c     0x00000000   Number         0  core_cm3.o ABSOLUTE
    cdrcmple.s                               0x00000000   Number         0  cdrcmple.o ABSOLUTE
    cfcmple.s                                0x00000000   Number         0  cfcmple.o ABSOLUTE
    dc.s                                     0x00000000   Number         0  dc.o ABSOLUTE
    handlers.s                               0x00000000   Number         0  handlers.o ABSOLUTE
    init.s                                   0x00000000   Number         0  init.o ABSOLUTE
    RESET                                    0x08000000   Section      304  startup_stm32f10x_hd.o(RESET)
    .ARM.Collect$$$$00000000                 0x08000130   Section        0  entry.o(.ARM.Collect$$$$00000000)
    .ARM.Collect$$$$00000001                 0x08000130   Section        4  entry2.o(.ARM.Collect$$$$00000001)
    .ARM.Collect$$$$00000004                 0x08000134   Section        4  entry5.o(.ARM.Collect$$$$00000004)
    .ARM.Collect$$$$00000008                 0x08000138   Section        0  entry7b.o(.ARM.Collect$$$$00000008)
    .ARM.Collect$$$$0000000A                 0x08000138   Section        0  entry8b.o(.ARM.Collect$$$$0000000A)
    .ARM.Collect$$$$0000000B                 0x08000138   Section        8  entry9a.o(.ARM.Collect$$$$0000000B)
    .ARM.Collect$$$$0000000D                 0x08000140   Section        0  entry10a.o(.ARM.Collect$$$$0000000D)
    .ARM.Collect$$$$0000000F                 0x08000140   Section        0  entry11a.o(.ARM.Collect$$$$0000000F)
    .ARM.Collect$$$$00002712                 0x08000140   Section        4  entry2.o(.ARM.Collect$$$$00002712)
    __lit__00000000                          0x08000140   Data           4  entry2.o(.ARM.Collect$$$$00002712)
    .text                                    0x08000144   Section       36  startup_stm32f10x_hd.o(.text)
    .text                                    0x08000168   Section        0  system_stm32f10x.o(.text)
    SetSysClockTo72                          0x08000169   Thumb Code   214  system_stm32f10x.o(.text)
    SetSysClock                              0x0800023f   Thumb Code     8  system_stm32f10x.o(.text)
    .text                                    0x08000348   Section        0  misc.o(.text)
    .text                                    0x08000424   Section        0  stm32f10x_bkp.o(.text)
    .text                                    0x080004e8   Section        0  stm32f10x_exti.o(.text)
    .text                                    0x08000604   Section        0  stm32f10x_gpio.o(.text)
    .text                                    0x08000960   Section        0  stm32f10x_pwr.o(.text)
    .text                                    0x08000a2c   Section        0  stm32f10x_rcc.o(.text)
    .text                                    0x08000dd0   Section        0  stm32f10x_rtc.o(.text)
    .text                                    0x08000f2c   Section        0  stm32f10x_usart.o(.text)
    .text                                    0x08001334   Section        0  main.o(.text)
    .text                                    0x08001c34   Section        0  stm32f10x_it.o(.text)
    .text                                    0x08001da0   Section        0  bsp_date.o(.text)
    .text                                    0x08001f7c   Section        0  bsp_rtc.o(.text)
    .text                                    0x0800275c   Section        0  bsp_usart.o(.text)
    .text                                    0x08002818   Section        0  bsp_key.o(.text)
    NVIC_Configuration                       0x08002819   Thumb Code    66  bsp_key.o(.text)
    .text                                    0x08002944   Section        0  bsp_beep.o(.text)
    .text                                    0x0800297c   Section        0  oled.o(.text)
    .text                                    0x080032a0   Section        0  bsp_systick.o(.text)
    SysTick_Config                           0x080032a1   Thumb Code    76  bsp_systick.o(.text)
    .text                                    0x080033d8   Section        0  algorithm.o(.text)
    .text                                    0x08003a7c   Section        0  max30102.o(.text)
    .text                                    0x08003d74   Section        0  myiic.o(.text)
    .text                                    0x080040f8   Section        0  delay.o(.text)
    .text                                    0x080041cc   Section        0  ds18b20.o(.text)
    .text                                    0x080043f8   Section        0  memcpya.o(.text)
    .text                                    0x0800441c   Section        0  __0scanf.o(.text)
    .text                                    0x0800443c   Section        0  _scanf_int.o(.text)
    .text                                    0x08004588   Section        0  fmul.o(.text)
    .text                                    0x080045ec   Section        0  fdiv.o(.text)
    .text                                    0x08004668   Section        0  dmul.o(.text)
    .text                                    0x0800474c   Section        0  ffltui.o(.text)
    .text                                    0x08004756   Section        0  dfltui.o(.text)
    .text                                    0x08004770   Section        0  ffixi.o(.text)
    .text                                    0x080047a2   Section        0  ffixui.o(.text)
    .text                                    0x080047ca   Section        0  f2d.o(.text)
    .text                                    0x080047f0   Section        0  d2f.o(.text)
    .text                                    0x08004828   Section       20  cfcmple.o(.text)
    .text                                    0x0800483c   Section        0  uidiv.o(.text)
    .text                                    0x08004868   Section        0  uldiv.o(.text)
    .text                                    0x080048ca   Section        0  _chval.o(.text)
    .text                                    0x080048e8   Section        0  scanf_char_file.o(.text)
    .text                                    0x080048fc   Section        0  fepilogue.o(.text)
    .text                                    0x080048fc   Section        0  iusefp.o(.text)
    .text                                    0x0800496a   Section        0  depilogue.o(.text)
    .text                                    0x08004a24   Section        0  dadd.o(.text)
    .text                                    0x08004b72   Section        0  ddiv.o(.text)
    .text                                    0x08004c50   Section        0  dfixul.o(.text)
    .text                                    0x08004c80   Section       48  cdrcmple.o(.text)
    .text                                    0x08004cb0   Section       36  init.o(.text)
    .text                                    0x08004cd4   Section        0  fgetc_b.o(.text)
    .text                                    0x08004d00   Section        0  llshl.o(.text)
    .text                                    0x08004d1e   Section        0  llushr.o(.text)
    .text                                    0x08004d3e   Section        0  llsshr.o(.text)
    .text                                    0x08004d64   Section        0  scanf_char.o(.text)
    _scanf_char_input                        0x08004d65   Thumb Code    12  scanf_char.o(.text)
    .text                                    0x08004d8c   Section        0  isspace_c.o(.text)
    .text                                    0x08004d8c   Section        0  semi.o(.text)
    .text                                    0x08004d98   Section        0  _scanf.o(.text)
    .text                                    0x080050c4   Section        0  iusesemig.o(.text)
    .text                                    0x080050c4   Section        0  ctype_c.o(.text)
    .text                                    0x080050ec   Section        0  __dczerorl2.o(.text)
    i.__0printf                              0x08005144   Section        0  printfa.o(i.__0printf)
    i.__scatterload_copy                     0x08005164   Section       14  handlers.o(i.__scatterload_copy)
    i.__scatterload_null                     0x08005172   Section        2  handlers.o(i.__scatterload_null)
    i.__scatterload_zeroinit                 0x08005174   Section       14  handlers.o(i.__scatterload_zeroinit)
    i._fp_digits                             0x08005184   Section        0  printfa.o(i._fp_digits)
    _fp_digits                               0x08005185   Thumb Code   334  printfa.o(i._fp_digits)
    i._printf_core                           0x080052e8   Section        0  printfa.o(i._printf_core)
    _printf_core                             0x080052e9   Thumb Code  1744  printfa.o(i._printf_core)
    i._printf_post_padding                   0x080059c4   Section        0  printfa.o(i._printf_post_padding)
    _printf_post_padding                     0x080059c5   Thumb Code    36  printfa.o(i._printf_post_padding)
    i._printf_pre_padding                    0x080059e8   Section        0  printfa.o(i._printf_pre_padding)
    _printf_pre_padding                      0x080059e9   Thumb Code    46  printfa.o(i._printf_pre_padding)
    i.getc                                   0x08005a16   Section        0  getc.o(i.getc)
    .constdata                               0x08005a1c   Section       48  bsp_date.o(.constdata)
    .constdata                               0x08005a4c   Section     6080  oled.o(.constdata)
    .constdata                               0x0800720c   Section      246  algorithm.o(.constdata)
    .constdata                               0x08007302   Section       64  ctype_c.o(.constdata)
    .conststring                             0x08007344   Section      635  bsp_rtc.o(.conststring)
    .data                                    0x20000000   Section       20  system_stm32f10x.o(.data)
    .data                                    0x20000014   Section       20  stm32f10x_rcc.o(.data)
    APBAHBPrescTable                         0x20000014   Data          16  stm32f10x_rcc.o(.data)
    ADCPrescTable                            0x20000024   Data           4  stm32f10x_rcc.o(.data)
    .data                                    0x20000028   Section     4706  main.o(.data)
    .data                                    0x2000128c   Section       48  bsp_date.o(.data)
    month_days                               0x2000128c   Data          48  bsp_date.o(.data)
    .data                                    0x200012bc   Section      164  bsp_rtc.o(.data)
    FirstDisplay                             0x2000135c   Data           4  bsp_rtc.o(.data)
    .data                                    0x20001360   Section     5176  oled.o(.data)
    .data                                    0x20002798   Section        4  bsp_systick.o(.data)
    TimingDelay                              0x20002798   Data           4  bsp_systick.o(.data)
    .data                                    0x2000279c   Section        4  delay.o(.data)
    fac_us                                   0x2000279c   Data           1  delay.o(.data)
    fac_ms                                   0x2000279e   Data           2  delay.o(.data)
    .data                                    0x200027a0   Section        4  stdin.o(.data)
    .data                                    0x200027a4   Section        4  stdout.o(.data)
    .data                                    0x200027a8   Section        3  fgetc_b.o(.data)
    ungetc_sp                                0x200027a8   Data           1  fgetc_b.o(.data)
    ungetc_stack                             0x200027a9   Data           2  fgetc_b.o(.data)
    .bss                                     0x200027ac   Section     4000  main.o(.bss)
    .bss                                     0x2000374c   Section     1152  oled.o(.bss)
    .bss                                     0x20003bcc   Section     5984  algorithm.o(.bss)
    an_dx                                    0x20003bcc   Data        1984  algorithm.o(.bss)
    an_x                                     0x2000438c   Data        2000  algorithm.o(.bss)
    an_y                                     0x20004b5c   Data        2000  algorithm.o(.bss)
    STACK                                    0x20005330   Section     1024  startup_stm32f10x_hd.o(STACK)

    Global Symbols

    Symbol Name                              Value     Ov Type        Size  Object(Section)

    BuildAttributes$$THM_ISAv4$P$D$K$B$S$PE$A:L22UL41UL21$X:L11$S22US41US21$IEEE1$IW$USESV6$~STKCKD$USESV7$~SHL$OTIME$ROPI$EBA8$MICROLIB$REQ8$PRES8$EABIv2 0x00000000   Number         0  anon$$obj.o ABSOLUTE
    __ARM_use_no_argv                        0x00000000   Number         0  main.o ABSOLUTE
    _printf_a                                0x00000000   Number         0  stubs.o ABSOLUTE
    _printf_c                                0x00000000   Number         0  stubs.o ABSOLUTE
    _printf_charcount                        0x00000000   Number         0  stubs.o ABSOLUTE
    _printf_d                                0x00000000   Number         0  stubs.o ABSOLUTE
    _printf_e                                0x00000000   Number         0  stubs.o ABSOLUTE
    _printf_f                                0x00000000   Number         0  stubs.o ABSOLUTE
    _printf_flags                            0x00000000   Number         0  stubs.o ABSOLUTE
    _printf_fp_dec                           0x00000000   Number         0  stubs.o ABSOLUTE
    _printf_fp_hex                           0x00000000   Number         0  stubs.o ABSOLUTE
    _printf_g                                0x00000000   Number         0  stubs.o ABSOLUTE
    _printf_i                                0x00000000   Number         0  stubs.o ABSOLUTE
    _printf_int_dec                          0x00000000   Number         0  stubs.o ABSOLUTE
    _printf_l                                0x00000000   Number         0  stubs.o ABSOLUTE
    _printf_lc                               0x00000000   Number         0  stubs.o ABSOLUTE
    _printf_ll                               0x00000000   Number         0  stubs.o ABSOLUTE
    _printf_lld                              0x00000000   Number         0  stubs.o ABSOLUTE
    _printf_lli                              0x00000000   Number         0  stubs.o ABSOLUTE
    _printf_llo                              0x00000000   Number         0  stubs.o ABSOLUTE
    _printf_llu                              0x00000000   Number         0  stubs.o ABSOLUTE
    _printf_llx                              0x00000000   Number         0  stubs.o ABSOLUTE
    _printf_longlong_dec                     0x00000000   Number         0  stubs.o ABSOLUTE
    _printf_longlong_hex                     0x00000000   Number         0  stubs.o ABSOLUTE
    _printf_longlong_oct                     0x00000000   Number         0  stubs.o ABSOLUTE
    _printf_ls                               0x00000000   Number         0  stubs.o ABSOLUTE
    _printf_mbtowc                           0x00000000   Number         0  stubs.o ABSOLUTE
    _printf_n                                0x00000000   Number         0  stubs.o ABSOLUTE
    _printf_o                                0x00000000   Number         0  stubs.o ABSOLUTE
    _printf_p                                0x00000000   Number         0  stubs.o ABSOLUTE
    _printf_percent                          0x00000000   Number         0  stubs.o ABSOLUTE
    _printf_pre_padding                      0x00000000   Number         0  stubs.o ABSOLUTE
    _printf_return_value                     0x00000000   Number         0  stubs.o ABSOLUTE
    _printf_s                                0x00000000   Number         0  stubs.o ABSOLUTE
    _printf_sizespec                         0x00000000   Number         0  stubs.o ABSOLUTE
    _printf_str                              0x00000000   Number         0  stubs.o ABSOLUTE
    _printf_truncate_signed                  0x00000000   Number         0  stubs.o ABSOLUTE
    _printf_truncate_unsigned                0x00000000   Number         0  stubs.o ABSOLUTE
    _printf_u                                0x00000000   Number         0  stubs.o ABSOLUTE
    _printf_wc                               0x00000000   Number         0  stubs.o ABSOLUTE
    _printf_wctomb                           0x00000000   Number         0  stubs.o ABSOLUTE
    _printf_widthprec                        0x00000000   Number         0  stubs.o ABSOLUTE
    _printf_x                                0x00000000   Number         0  stubs.o ABSOLUTE
    __cpp_initialize__aeabi_                  - Undefined Weak Reference
    __cxa_finalize                            - Undefined Weak Reference
    _clock_init                               - Undefined Weak Reference
    _microlib_exit                            - Undefined Weak Reference
    _scanf_longlong                           - Undefined Weak Reference
    _scanf_real                               - Undefined Weak Reference
    _scanf_string                             - Undefined Weak Reference
    __Vectors_Size                           0x00000130   Number         0  startup_stm32f10x_hd.o ABSOLUTE
    __Vectors                                0x08000000   Data           4  startup_stm32f10x_hd.o(RESET)
    __Vectors_End                            0x08000130   Data           0  startup_stm32f10x_hd.o(RESET)
    __main                                   0x08000131   Thumb Code     0  entry.o(.ARM.Collect$$$$00000000)
    _main_stk                                0x08000131   Thumb Code     0  entry2.o(.ARM.Collect$$$$00000001)
    _main_scatterload                        0x08000135   Thumb Code     0  entry5.o(.ARM.Collect$$$$00000004)
    __main_after_scatterload                 0x08000139   Thumb Code     0  entry5.o(.ARM.Collect$$$$00000004)
    _main_clock                              0x08000139   Thumb Code     0  entry7b.o(.ARM.Collect$$$$00000008)
    _main_cpp_init                           0x08000139   Thumb Code     0  entry8b.o(.ARM.Collect$$$$0000000A)
    _main_init                               0x08000139   Thumb Code     0  entry9a.o(.ARM.Collect$$$$0000000B)
    __rt_final_cpp                           0x08000141   Thumb Code     0  entry10a.o(.ARM.Collect$$$$0000000D)
    __rt_final_exit                          0x08000141   Thumb Code     0  entry11a.o(.ARM.Collect$$$$0000000F)
    Reset_Handler                            0x08000145   Thumb Code     8  startup_stm32f10x_hd.o(.text)
    ADC1_2_IRQHandler                        0x0800015f   Thumb Code     0  startup_stm32f10x_hd.o(.text)
    ADC3_IRQHandler                          0x0800015f   Thumb Code     0  startup_stm32f10x_hd.o(.text)
    CAN1_RX1_IRQHandler                      0x0800015f   Thumb Code     0  startup_stm32f10x_hd.o(.text)
    CAN1_SCE_IRQHandler                      0x0800015f   Thumb Code     0  startup_stm32f10x_hd.o(.text)
    DMA1_Channel1_IRQHandler                 0x0800015f   Thumb Code     0  startup_stm32f10x_hd.o(.text)
    DMA1_Channel2_IRQHandler                 0x0800015f   Thumb Code     0  startup_stm32f10x_hd.o(.text)
    DMA1_Channel3_IRQHandler                 0x0800015f   Thumb Code     0  startup_stm32f10x_hd.o(.text)
    DMA1_Channel4_IRQHandler                 0x0800015f   Thumb Code     0  startup_stm32f10x_hd.o(.text)
    DMA1_Channel5_IRQHandler                 0x0800015f   Thumb Code     0  startup_stm32f10x_hd.o(.text)
    DMA1_Channel6_IRQHandler                 0x0800015f   Thumb Code     0  startup_stm32f10x_hd.o(.text)
    DMA1_Channel7_IRQHandler                 0x0800015f   Thumb Code     0  startup_stm32f10x_hd.o(.text)
    DMA2_Channel1_IRQHandler                 0x0800015f   Thumb Code     0  startup_stm32f10x_hd.o(.text)
    DMA2_Channel2_IRQHandler                 0x0800015f   Thumb Code     0  startup_stm32f10x_hd.o(.text)
    DMA2_Channel3_IRQHandler                 0x0800015f   Thumb Code     0  startup_stm32f10x_hd.o(.text)
    DMA2_Channel4_5_IRQHandler               0x0800015f   Thumb Code     0  startup_stm32f10x_hd.o(.text)
    EXTI1_IRQHandler                         0x0800015f   Thumb Code     0  startup_stm32f10x_hd.o(.text)
    EXTI2_IRQHandler                         0x0800015f   Thumb Code     0  startup_stm32f10x_hd.o(.text)
    EXTI3_IRQHandler                         0x0800015f   Thumb Code     0  startup_stm32f10x_hd.o(.text)
    EXTI4_IRQHandler                         0x0800015f   Thumb Code     0  startup_stm32f10x_hd.o(.text)
    EXTI9_5_IRQHandler                       0x0800015f   Thumb Code     0  startup_stm32f10x_hd.o(.text)
    FLASH_IRQHandler                         0x0800015f   Thumb Code     0  startup_stm32f10x_hd.o(.text)
    FSMC_IRQHandler                          0x0800015f   Thumb Code     0  startup_stm32f10x_hd.o(.text)
    I2C1_ER_IRQHandler                       0x0800015f   Thumb Code     0  startup_stm32f10x_hd.o(.text)
    I2C1_EV_IRQHandler                       0x0800015f   Thumb Code     0  startup_stm32f10x_hd.o(.text)
    I2C2_ER_IRQHandler                       0x0800015f   Thumb Code     0  startup_stm32f10x_hd.o(.text)
    I2C2_EV_IRQHandler                       0x0800015f   Thumb Code     0  startup_stm32f10x_hd.o(.text)
    PVD_IRQHandler                           0x0800015f   Thumb Code     0  startup_stm32f10x_hd.o(.text)
    RCC_IRQHandler                           0x0800015f   Thumb Code     0  startup_stm32f10x_hd.o(.text)
    RTCAlarm_IRQHandler                      0x0800015f   Thumb Code     0  startup_stm32f10x_hd.o(.text)
    SDIO_IRQHandler                          0x0800015f   Thumb Code     0  startup_stm32f10x_hd.o(.text)
    SPI1_IRQHandler                          0x0800015f   Thumb Code     0  startup_stm32f10x_hd.o(.text)
    SPI2_IRQHandler                          0x0800015f   Thumb Code     0  startup_stm32f10x_hd.o(.text)
    SPI3_IRQHandler                          0x0800015f   Thumb Code     0  startup_stm32f10x_hd.o(.text)
    TAMPER_IRQHandler                        0x0800015f   Thumb Code     0  startup_stm32f10x_hd.o(.text)
    TIM1_BRK_IRQHandler                      0x0800015f   Thumb Code     0  startup_stm32f10x_hd.o(.text)
    TIM1_CC_IRQHandler                       0x0800015f   Thumb Code     0  startup_stm32f10x_hd.o(.text)
    TIM1_TRG_COM_IRQHandler                  0x0800015f   Thumb Code     0  startup_stm32f10x_hd.o(.text)
    TIM1_UP_IRQHandler                       0x0800015f   Thumb Code     0  startup_stm32f10x_hd.o(.text)
    TIM2_IRQHandler                          0x0800015f   Thumb Code     0  startup_stm32f10x_hd.o(.text)
    TIM3_IRQHandler                          0x0800015f   Thumb Code     0  startup_stm32f10x_hd.o(.text)
    TIM4_IRQHandler                          0x0800015f   Thumb Code     0  startup_stm32f10x_hd.o(.text)
    TIM5_IRQHandler                          0x0800015f   Thumb Code     0  startup_stm32f10x_hd.o(.text)
    TIM6_IRQHandler                          0x0800015f   Thumb Code     0  startup_stm32f10x_hd.o(.text)
    TIM7_IRQHandler                          0x0800015f   Thumb Code     0  startup_stm32f10x_hd.o(.text)
    TIM8_BRK_IRQHandler                      0x0800015f   Thumb Code     0  startup_stm32f10x_hd.o(.text)
    TIM8_CC_IRQHandler                       0x0800015f   Thumb Code     0  startup_stm32f10x_hd.o(.text)
    TIM8_TRG_COM_IRQHandler                  0x0800015f   Thumb Code     0  startup_stm32f10x_hd.o(.text)
    TIM8_UP_IRQHandler                       0x0800015f   Thumb Code     0  startup_stm32f10x_hd.o(.text)
    UART4_IRQHandler                         0x0800015f   Thumb Code     0  startup_stm32f10x_hd.o(.text)
    UART5_IRQHandler                         0x0800015f   Thumb Code     0  startup_stm32f10x_hd.o(.text)
    USART1_IRQHandler                        0x0800015f   Thumb Code     0  startup_stm32f10x_hd.o(.text)
    USART2_IRQHandler                        0x0800015f   Thumb Code     0  startup_stm32f10x_hd.o(.text)
    USART3_IRQHandler                        0x0800015f   Thumb Code     0  startup_stm32f10x_hd.o(.text)
    USBWakeUp_IRQHandler                     0x0800015f   Thumb Code     0  startup_stm32f10x_hd.o(.text)
    USB_HP_CAN1_TX_IRQHandler                0x0800015f   Thumb Code     0  startup_stm32f10x_hd.o(.text)
    USB_LP_CAN1_RX0_IRQHandler               0x0800015f   Thumb Code     0  startup_stm32f10x_hd.o(.text)
    WWDG_IRQHandler                          0x0800015f   Thumb Code     0  startup_stm32f10x_hd.o(.text)
    SystemInit                               0x08000247   Thumb Code    78  system_stm32f10x.o(.text)
    SystemCoreClockUpdate                    0x08000295   Thumb Code   142  system_stm32f10x.o(.text)
    NVIC_PriorityGroupConfig                 0x08000349   Thumb Code    10  misc.o(.text)
    NVIC_Init                                0x08000353   Thumb Code   100  misc.o(.text)
    NVIC_SetVectorTable                      0x080003b7   Thumb Code    14  misc.o(.text)
    NVIC_SystemLPConfig                      0x080003c5   Thumb Code    34  misc.o(.text)
    SysTick_CLKSourceConfig                  0x080003e7   Thumb Code    40  misc.o(.text)
    BKP_DeInit                               0x08000425   Thumb Code    16  stm32f10x_bkp.o(.text)
    BKP_TamperPinLevelConfig                 0x08000435   Thumb Code     6  stm32f10x_bkp.o(.text)
    BKP_TamperPinCmd                         0x0800043b   Thumb Code     8  stm32f10x_bkp.o(.text)
    BKP_ITConfig                             0x08000443   Thumb Code     8  stm32f10x_bkp.o(.text)
    BKP_RTCOutputConfig                      0x0800044b   Thumb Code    22  stm32f10x_bkp.o(.text)
    BKP_SetRTCCalibrationValue               0x08000461   Thumb Code    22  stm32f10x_bkp.o(.text)
    BKP_WriteBackupRegister                  0x08000477   Thumb Code    24  stm32f10x_bkp.o(.text)
    BKP_ReadBackupRegister                   0x0800048f   Thumb Code    26  stm32f10x_bkp.o(.text)
    BKP_GetFlagStatus                        0x080004a9   Thumb Code    10  stm32f10x_bkp.o(.text)
    BKP_ClearFlag                            0x080004b3   Thumb Code    18  stm32f10x_bkp.o(.text)
    BKP_GetITStatus                          0x080004c5   Thumb Code    10  stm32f10x_bkp.o(.text)
    BKP_ClearITPendingBit                    0x080004cf   Thumb Code    18  stm32f10x_bkp.o(.text)
    EXTI_DeInit                              0x080004e9   Thumb Code    28  stm32f10x_exti.o(.text)
    EXTI_Init                                0x08000505   Thumb Code   142  stm32f10x_exti.o(.text)
    EXTI_StructInit                          0x08000593   Thumb Code    16  stm32f10x_exti.o(.text)
    EXTI_GenerateSWInterrupt                 0x080005a3   Thumb Code    16  stm32f10x_exti.o(.text)
    EXTI_GetFlagStatus                       0x080005b3   Thumb Code    22  stm32f10x_exti.o(.text)
    EXTI_ClearFlag                           0x080005c9   Thumb Code     8  stm32f10x_exti.o(.text)
    EXTI_GetITStatus                         0x080005d1   Thumb Code    34  stm32f10x_exti.o(.text)
    EXTI_ClearITPendingBit                   0x080005f3   Thumb Code     8  stm32f10x_exti.o(.text)
    GPIO_DeInit                              0x08000605   Thumb Code   172  stm32f10x_gpio.o(.text)
    GPIO_AFIODeInit                          0x080006b1   Thumb Code    20  stm32f10x_gpio.o(.text)
    GPIO_Init                                0x080006c5   Thumb Code   278  stm32f10x_gpio.o(.text)
    GPIO_StructInit                          0x080007db   Thumb Code    16  stm32f10x_gpio.o(.text)
    GPIO_ReadInputDataBit                    0x080007eb   Thumb Code    18  stm32f10x_gpio.o(.text)
    GPIO_ReadInputData                       0x080007fd   Thumb Code     8  stm32f10x_gpio.o(.text)
    GPIO_ReadOutputDataBit                   0x08000805   Thumb Code    18  stm32f10x_gpio.o(.text)
    GPIO_ReadOutputData                      0x08000817   Thumb Code     8  stm32f10x_gpio.o(.text)
    GPIO_SetBits                             0x0800081f   Thumb Code     4  stm32f10x_gpio.o(.text)
    GPIO_ResetBits                           0x08000823   Thumb Code     4  stm32f10x_gpio.o(.text)
    GPIO_WriteBit                            0x08000827   Thumb Code    10  stm32f10x_gpio.o(.text)
    GPIO_Write                               0x08000831   Thumb Code     4  stm32f10x_gpio.o(.text)
    GPIO_PinLockConfig                       0x08000835   Thumb Code    18  stm32f10x_gpio.o(.text)
    GPIO_EventOutputConfig                   0x08000847   Thumb Code    26  stm32f10x_gpio.o(.text)
    GPIO_EventOutputCmd                      0x08000861   Thumb Code     6  stm32f10x_gpio.o(.text)
    GPIO_PinRemapConfig                      0x08000867   Thumb Code   138  stm32f10x_gpio.o(.text)
    GPIO_EXTILineConfig                      0x080008f1   Thumb Code    66  stm32f10x_gpio.o(.text)
    GPIO_ETH_MediaInterfaceConfig            0x08000933   Thumb Code     8  stm32f10x_gpio.o(.text)
    PWR_DeInit                               0x08000961   Thumb Code    22  stm32f10x_pwr.o(.text)
    PWR_BackupAccessCmd                      0x08000977   Thumb Code     6  stm32f10x_pwr.o(.text)
    PWR_PVDCmd                               0x0800097d   Thumb Code     6  stm32f10x_pwr.o(.text)
    PWR_PVDLevelConfig                       0x08000983   Thumb Code    18  stm32f10x_pwr.o(.text)
    PWR_WakeUpPinCmd                         0x08000995   Thumb Code     8  stm32f10x_pwr.o(.text)
    PWR_EnterSTOPMode                        0x0800099d   Thumb Code    54  stm32f10x_pwr.o(.text)
    PWR_EnterSTANDBYMode                     0x080009d3   Thumb Code    42  stm32f10x_pwr.o(.text)
    PWR_GetFlagStatus                        0x080009fd   Thumb Code    20  stm32f10x_pwr.o(.text)
    PWR_ClearFlag                            0x08000a11   Thumb Code    14  stm32f10x_pwr.o(.text)
    RCC_DeInit                               0x08000a2d   Thumb Code    64  stm32f10x_rcc.o(.text)
    RCC_HSEConfig                            0x08000a6d   Thumb Code    70  stm32f10x_rcc.o(.text)
    RCC_GetFlagStatus                        0x08000ab3   Thumb Code    56  stm32f10x_rcc.o(.text)
    RCC_WaitForHSEStartUp                    0x08000aeb   Thumb Code    56  stm32f10x_rcc.o(.text)
    RCC_AdjustHSICalibrationValue            0x08000b23   Thumb Code    20  stm32f10x_rcc.o(.text)
    RCC_HSICmd                               0x08000b37   Thumb Code     6  stm32f10x_rcc.o(.text)
    RCC_PLLConfig                            0x08000b3d   Thumb Code    24  stm32f10x_rcc.o(.text)
    RCC_PLLCmd                               0x08000b55   Thumb Code     6  stm32f10x_rcc.o(.text)
    RCC_SYSCLKConfig                         0x08000b5b   Thumb Code    18  stm32f10x_rcc.o(.text)
    RCC_GetSYSCLKSource                      0x08000b6d   Thumb Code    10  stm32f10x_rcc.o(.text)
    RCC_HCLKConfig                           0x08000b77   Thumb Code    18  stm32f10x_rcc.o(.text)
    RCC_PCLK1Config                          0x08000b89   Thumb Code    18  stm32f10x_rcc.o(.text)
    RCC_PCLK2Config                          0x08000b9b   Thumb Code    20  stm32f10x_rcc.o(.text)
    RCC_ITConfig                             0x08000baf   Thumb Code    26  stm32f10x_rcc.o(.text)
    RCC_USBCLKConfig                         0x08000bc9   Thumb Code     8  stm32f10x_rcc.o(.text)
    RCC_ADCCLKConfig                         0x08000bd1   Thumb Code    18  stm32f10x_rcc.o(.text)
    RCC_LSEConfig                            0x08000be3   Thumb Code    50  stm32f10x_rcc.o(.text)
    RCC_LSICmd                               0x08000c15   Thumb Code     6  stm32f10x_rcc.o(.text)
    RCC_RTCCLKConfig                         0x08000c1b   Thumb Code    12  stm32f10x_rcc.o(.text)
    RCC_RTCCLKCmd                            0x08000c27   Thumb Code     8  stm32f10x_rcc.o(.text)
    RCC_GetClocksFreq                        0x08000c2f   Thumb Code   192  stm32f10x_rcc.o(.text)
    RCC_AHBPeriphClockCmd                    0x08000cef   Thumb Code    26  stm32f10x_rcc.o(.text)
    RCC_APB2PeriphClockCmd                   0x08000d09   Thumb Code    26  stm32f10x_rcc.o(.text)
    RCC_APB1PeriphClockCmd                   0x08000d23   Thumb Code    26  stm32f10x_rcc.o(.text)
    RCC_APB2PeriphResetCmd                   0x08000d3d   Thumb Code    26  stm32f10x_rcc.o(.text)
    RCC_APB1PeriphResetCmd                   0x08000d57   Thumb Code    26  stm32f10x_rcc.o(.text)
    RCC_BackupResetCmd                       0x08000d71   Thumb Code     8  stm32f10x_rcc.o(.text)
    RCC_ClockSecuritySystemCmd               0x08000d79   Thumb Code     6  stm32f10x_rcc.o(.text)
    RCC_MCOConfig                            0x08000d7f   Thumb Code     6  stm32f10x_rcc.o(.text)
    RCC_ClearFlag                            0x08000d85   Thumb Code    14  stm32f10x_rcc.o(.text)
    RCC_GetITStatus                          0x08000d93   Thumb Code    20  stm32f10x_rcc.o(.text)
    RCC_ClearITPendingBit                    0x08000da7   Thumb Code     6  stm32f10x_rcc.o(.text)
    RTC_ITConfig                             0x08000dd1   Thumb Code    26  stm32f10x_rtc.o(.text)
    RTC_EnterConfigMode                      0x08000deb   Thumb Code    18  stm32f10x_rtc.o(.text)
    RTC_ExitConfigMode                       0x08000dfd   Thumb Code    20  stm32f10x_rtc.o(.text)
    RTC_GetCounter                           0x08000e11   Thumb Code    18  stm32f10x_rtc.o(.text)
    RTC_GetAlarm                             0x08000e23   Thumb Code    18  stm32f10x_rtc.o(.text)
    RTC_SetCounter                           0x08000e35   Thumb Code    26  stm32f10x_rtc.o(.text)
    RTC_SetPrescaler                         0x08000e4f   Thumb Code    28  stm32f10x_rtc.o(.text)
    RTC_SetAlarm                             0x08000e6b   Thumb Code    26  stm32f10x_rtc.o(.text)
    RTC_GetDivider                           0x08000e85   Thumb Code    22  stm32f10x_rtc.o(.text)
    RTC_WaitForLastTask                      0x08000e9b   Thumb Code    18  stm32f10x_rtc.o(.text)
    RTC_WaitForSynchro                       0x08000ead   Thumb Code    36  stm32f10x_rtc.o(.text)
    RTC_GetFlagStatus                        0x08000ed1   Thumb Code    22  stm32f10x_rtc.o(.text)
    RTC_ClearFlag                            0x08000ee7   Thumb Code    16  stm32f10x_rtc.o(.text)
    RTC_GetITStatus                          0x08000ef7   Thumb Code    32  stm32f10x_rtc.o(.text)
    RTC_ClearITPendingBit                    0x08000f17   Thumb Code    16  stm32f10x_rtc.o(.text)
    USART_DeInit                             0x08000f2d   Thumb Code   134  stm32f10x_usart.o(.text)
    USART_Init                               0x08000fb3   Thumb Code   210  stm32f10x_usart.o(.text)
    USART_StructInit                         0x08001085   Thumb Code    24  stm32f10x_usart.o(.text)
    USART_ClockInit                          0x0800109d   Thumb Code    34  stm32f10x_usart.o(.text)
    USART_ClockStructInit                    0x080010bf   Thumb Code    12  stm32f10x_usart.o(.text)
    USART_Cmd                                0x080010cb   Thumb Code    24  stm32f10x_usart.o(.text)
    USART_ITConfig                           0x080010e3   Thumb Code    74  stm32f10x_usart.o(.text)
    USART_DMACmd                             0x0800112d   Thumb Code    18  stm32f10x_usart.o(.text)
    USART_SetAddress                         0x0800113f   Thumb Code    18  stm32f10x_usart.o(.text)
    USART_WakeUpConfig                       0x08001151   Thumb Code    18  stm32f10x_usart.o(.text)
    USART_ReceiverWakeUpCmd                  0x08001163   Thumb Code    24  stm32f10x_usart.o(.text)
    USART_LINBreakDetectLengthConfig         0x0800117b   Thumb Code    18  stm32f10x_usart.o(.text)
    USART_LINCmd                             0x0800118d   Thumb Code    24  stm32f10x_usart.o(.text)
    USART_SendData                           0x080011a5   Thumb Code     8  stm32f10x_usart.o(.text)
    USART_ReceiveData                        0x080011ad   Thumb Code    10  stm32f10x_usart.o(.text)
    USART_SendBreak                          0x080011b7   Thumb Code    10  stm32f10x_usart.o(.text)
    USART_SetGuardTime                       0x080011c1   Thumb Code    16  stm32f10x_usart.o(.text)
    USART_SetPrescaler                       0x080011d1   Thumb Code    16  stm32f10x_usart.o(.text)
    USART_SmartCardCmd                       0x080011e1   Thumb Code    24  stm32f10x_usart.o(.text)
    USART_SmartCardNACKCmd                   0x080011f9   Thumb Code    24  stm32f10x_usart.o(.text)
    USART_HalfDuplexCmd                      0x08001211   Thumb Code    24  stm32f10x_usart.o(.text)
    USART_OverSampling8Cmd                   0x08001229   Thumb Code    22  stm32f10x_usart.o(.text)
    USART_OneBitMethodCmd                    0x0800123f   Thumb Code    24  stm32f10x_usart.o(.text)
    USART_IrDAConfig                         0x08001257   Thumb Code    18  stm32f10x_usart.o(.text)
    USART_IrDACmd                            0x08001269   Thumb Code    24  stm32f10x_usart.o(.text)
    USART_GetFlagStatus                      0x08001281   Thumb Code    26  stm32f10x_usart.o(.text)
    USART_ClearFlag                          0x0800129b   Thumb Code    18  stm32f10x_usart.o(.text)
    USART_GetITStatus                        0x080012ad   Thumb Code    84  stm32f10x_usart.o(.text)
    USART_ClearITPendingBit                  0x08001301   Thumb Code    52  stm32f10x_usart.o(.text)
    OLED_Opening                             0x08001335   Thumb Code   258  main.o(.text)
    main                                     0x08001437   Thumb Code  1850  main.o(.text)
    NMI_Handler                              0x08001c35   Thumb Code     2  stm32f10x_it.o(.text)
    HardFault_Handler                        0x08001c37   Thumb Code     4  stm32f10x_it.o(.text)
    MemManage_Handler                        0x08001c3b   Thumb Code     4  stm32f10x_it.o(.text)
    BusFault_Handler                         0x08001c3f   Thumb Code     4  stm32f10x_it.o(.text)
    UsageFault_Handler                       0x08001c43   Thumb Code     4  stm32f10x_it.o(.text)
    SVC_Handler                              0x08001c47   Thumb Code     2  stm32f10x_it.o(.text)
    DebugMon_Handler                         0x08001c49   Thumb Code     2  stm32f10x_it.o(.text)
    PendSV_Handler                           0x08001c4b   Thumb Code     2  stm32f10x_it.o(.text)
    SysTick_Handler                          0x08001c4d   Thumb Code     2  stm32f10x_it.o(.text)
    RTC_IRQHandler                           0x08001c4f   Thumb Code    48  stm32f10x_it.o(.text)
    EXTI0_IRQHandler                         0x08001c7f   Thumb Code    74  stm32f10x_it.o(.text)
    EXTI15_10_IRQHandler                     0x08001cc9   Thumb Code   180  stm32f10x_it.o(.text)
    GregorianDay                             0x08001da1   Thumb Code   146  bsp_date.o(.text)
    mktimev                                  0x08001e33   Thumb Code   120  bsp_date.o(.text)
    to_tm                                    0x08001eab   Thumb Code   194  bsp_date.o(.text)
    RTC_NVIC_Config                          0x08001f7d   Thumb Code    42  bsp_rtc.o(.text)
    RTC_Configuration                        0x08001fa7   Thumb Code    84  bsp_rtc.o(.text)
    Time_Adjust                              0x08001ffb   Thumb Code    40  bsp_rtc.o(.text)
    RTC_CheckAndConfig                       0x08002023   Thumb Code   234  bsp_rtc.o(.text)
    Time_Regulate_Get                        0x0800210d   Thumb Code   452  bsp_rtc.o(.text)
    Time_Display                             0x080022d1   Thumb Code   170  bsp_rtc.o(.text)
    Time_Show                                0x0800237b   Thumb Code    32  bsp_rtc.o(.text)
    Clock_Adjust                             0x0800239b   Thumb Code   788  bsp_rtc.o(.text)
    Clock_Display                            0x080026af   Thumb Code   120  bsp_rtc.o(.text)
    USART_Config                             0x0800275d   Thumb Code   120  bsp_usart.o(.text)
    fputc                                    0x080027d5   Thumb Code    32  bsp_usart.o(.text)
    fgetc                                    0x080027f5   Thumb Code    26  bsp_usart.o(.text)
    EXTI_Key_Config                          0x0800285b   Thumb Code   132  bsp_key.o(.text)
    Key_GPIO_Config                          0x080028df   Thumb Code    54  bsp_key.o(.text)
    Key_Scan                                 0x08002915   Thumb Code    40  bsp_key.o(.text)
    BEEP_GPIO_Config                         0x08002945   Thumb Code    50  bsp_beep.o(.text)
    I2C_Stop                                 0x0800297d   Thumb Code    28  oled.o(.text)
    I2C_WaitAck                              0x08002999   Thumb Code    20  oled.o(.text)
    Send_Byte                                0x080029ad   Thumb Code    70  oled.o(.text)
    I2C_Start                                0x080029f3   Thumb Code    36  oled.o(.text)
    OLED_WR_Byte                             0x08002a17   Thumb Code    56  oled.o(.text)
    OLED_ColorTurn                           0x08002a4f   Thumb Code    28  oled.o(.text)
    OLED_DisplayTurn                         0x08002a6b   Thumb Code    44  oled.o(.text)
    OLED_DisPlay_On                          0x08002a97   Thumb Code    28  oled.o(.text)
    OLED_DisPlay_Off                         0x08002ab3   Thumb Code    28  oled.o(.text)
    OLED_Refresh                             0x08002acf   Thumb Code    70  oled.o(.text)
    OLED_Clear                               0x08002b15   Thumb Code    42  oled.o(.text)
    OLED_DrawPoint                           0x08002b3f   Thumb Code    54  oled.o(.text)
    OLED_ClearPoint                          0x08002b75   Thumb Code    90  oled.o(.text)
    OLED_DrawLine                            0x08002bcf   Thumb Code   176  oled.o(.text)
    OLED_DrawCircle                          0x08002c7f   Thumb Code   152  oled.o(.text)
    OLED_ShowChar                            0x08002d17   Thumb Code   250  oled.o(.text)
    OLED_ShowString                          0x08002e11   Thumb Code    66  oled.o(.text)
    OLED_Pow                                 0x08002e53   Thumb Code    22  oled.o(.text)
    OLED_ShowNum                             0x08002e69   Thumb Code   116  oled.o(.text)
    OLED_ShowChinese                         0x08002edd   Thumb Code   248  oled.o(.text)
    OLED_ScrollDisplay                       0x08002fd5   Thumb Code   160  oled.o(.text)
    OLED_WR_BP                               0x08003075   Thumb Code    46  oled.o(.text)
    OLED_ShowPicture                         0x080030a3   Thumb Code    98  oled.o(.text)
    OLED_Init                                0x08003105   Thumb Code   406  oled.o(.text)
    SysTick_Init                             0x080032ed   Thumb Code    26  bsp_systick.o(.text)
    Delay_us                                 0x08003307   Thumb Code    36  bsp_systick.o(.text)
    TimingDelay_Decrement                    0x0800332b   Thumb Code    18  bsp_systick.o(.text)
    SysTick_Delay_Us                         0x0800333d   Thumb Code    64  bsp_systick.o(.text)
    SysTick_Delay_Ms                         0x0800337d   Thumb Code    66  bsp_systick.o(.text)
    maxim_sort_ascend                        0x080033d9   Thumb Code    54  algorithm.o(.text)
    maxim_sort_indices_descend               0x0800340f   Thumb Code    64  algorithm.o(.text)
    maxim_remove_close_peaks                 0x0800344f   Thumb Code   114  algorithm.o(.text)
    maxim_peaks_above_min_height             0x080034c1   Thumb Code   122  algorithm.o(.text)
    maxim_find_peaks                         0x0800353b   Thumb Code    66  algorithm.o(.text)
    maxim_heart_rate_and_oxygen_saturation   0x0800357d   Thumb Code  1272  algorithm.o(.text)
    max30102_Bus_Write                       0x08003a7d   Thumb Code    68  max30102.o(.text)
    max30102_Bus_Read                        0x08003ac1   Thumb Code    82  max30102.o(.text)
    max30102_FIFO_ReadWords                  0x08003b13   Thumb Code   168  max30102.o(.text)
    max30102_FIFO_ReadBytes                  0x08003bbb   Thumb Code   128  max30102.o(.text)
    max30102_reset                           0x08003c3b   Thumb Code    20  max30102.o(.text)
    max30102_init                            0x08003c4f   Thumb Code   130  max30102.o(.text)
    maxim_max30102_write_reg                 0x08003cd1   Thumb Code    18  max30102.o(.text)
    maxim_max30102_read_reg                  0x08003ce3   Thumb Code    18  max30102.o(.text)
    maxim_max30102_read_fifo                 0x08003cf5   Thumb Code   124  max30102.o(.text)
    IIC_Init                                 0x08003d75   Thumb Code    52  myiic.o(.text)
    IIC_Start                                0x08003da9   Thumb Code    72  myiic.o(.text)
    IIC_Stop                                 0x08003df1   Thumb Code    66  myiic.o(.text)
    IIC_Wait_Ack                             0x08003e33   Thumb Code    90  myiic.o(.text)
    IIC_Ack                                  0x08003e8d   Thumb Code    70  myiic.o(.text)
    IIC_NAck                                 0x08003ed3   Thumb Code    70  myiic.o(.text)
    IIC_Send_Byte                            0x08003f19   Thumb Code    94  myiic.o(.text)
    IIC_Read_Byte                            0x08003f77   Thumb Code   102  myiic.o(.text)
    IIC_WriteBytes                           0x08003fdd   Thumb Code    60  myiic.o(.text)
    IIC_ReadBytes                            0x08004019   Thumb Code    94  myiic.o(.text)
    IIC_Read_One_Byte                        0x08004077   Thumb Code    62  myiic.o(.text)
    IIC_Write_One_Byte                       0x080040b5   Thumb Code    54  myiic.o(.text)
    delay_init                               0x080040f9   Thumb Code    50  delay.o(.text)
    delay_us                                 0x0800412b   Thumb Code    72  delay.o(.text)
    delay_ms                                 0x08004173   Thumb Code    72  delay.o(.text)
    DS18B20_IO_IN                            0x080041cd   Thumb Code    24  ds18b20.o(.text)
    DS18B20_IO_OUT                           0x080041e5   Thumb Code    30  ds18b20.o(.text)
    DS18B20_Reset                            0x08004203   Thumb Code    36  ds18b20.o(.text)
    DS18B20_Check                            0x08004227   Thumb Code    78  ds18b20.o(.text)
    DS18B20_Read_Bit                         0x08004275   Thumb Code    60  ds18b20.o(.text)
    DS18B20_Read_Byte                        0x080042b1   Thumb Code    34  ds18b20.o(.text)
    DS18B20_Write_Byte                       0x080042d3   Thumb Code    84  ds18b20.o(.text)
    DS18B20_Start                            0x08004327   Thumb Code    24  ds18b20.o(.text)
    DS18B20_Init                             0x0800433f   Thumb Code    46  ds18b20.o(.text)
    DS18B20_GetTemperture                    0x0800436d   Thumb Code   120  ds18b20.o(.text)
    __aeabi_memcpy                           0x080043f9   Thumb Code    36  memcpya.o(.text)
    __aeabi_memcpy4                          0x080043f9   Thumb Code     0  memcpya.o(.text)
    __aeabi_memcpy8                          0x080043f9   Thumb Code     0  memcpya.o(.text)
    __0scanf                                 0x0800441d   Thumb Code    26  __0scanf.o(.text)
    _scanf_int                               0x0800443d   Thumb Code   332  _scanf_int.o(.text)
    __aeabi_fmul                             0x08004589   Thumb Code   100  fmul.o(.text)
    __aeabi_fdiv                             0x080045ed   Thumb Code   124  fdiv.o(.text)
    __aeabi_dmul                             0x08004669   Thumb Code   228  dmul.o(.text)
    __aeabi_ui2f                             0x0800474d   Thumb Code    10  ffltui.o(.text)
    __aeabi_ui2d                             0x08004757   Thumb Code    26  dfltui.o(.text)
    __aeabi_f2iz                             0x08004771   Thumb Code    50  ffixi.o(.text)
    __aeabi_f2uiz                            0x080047a3   Thumb Code    40  ffixui.o(.text)
    __aeabi_f2d                              0x080047cb   Thumb Code    38  f2d.o(.text)
    __aeabi_d2f                              0x080047f1   Thumb Code    56  d2f.o(.text)
    __aeabi_cfcmpeq                          0x08004829   Thumb Code     0  cfcmple.o(.text)
    __aeabi_cfcmple                          0x08004829   Thumb Code    20  cfcmple.o(.text)
    __aeabi_uidiv                            0x0800483d   Thumb Code     0  uidiv.o(.text)
    __aeabi_uidivmod                         0x0800483d   Thumb Code    44  uidiv.o(.text)
    __aeabi_uldivmod                         0x08004869   Thumb Code    98  uldiv.o(.text)
    _chval                                   0x080048cb   Thumb Code    28  _chval.o(.text)
    __vfscanf_char_file                      0x080048e9   Thumb Code    12  scanf_char_file.o(.text)
    __I$use$fp                               0x080048fd   Thumb Code     0  iusefp.o(.text)
    _float_round                             0x080048fd   Thumb Code    18  fepilogue.o(.text)
    _float_epilogue                          0x0800490f   Thumb Code    92  fepilogue.o(.text)
    _double_round                            0x0800496b   Thumb Code    30  depilogue.o(.text)
    _double_epilogue                         0x08004989   Thumb Code   156  depilogue.o(.text)
    __aeabi_dadd                             0x08004a25   Thumb Code   322  dadd.o(.text)
    __aeabi_dsub                             0x08004b67   Thumb Code     6  dadd.o(.text)
    __aeabi_drsub                            0x08004b6d   Thumb Code     6  dadd.o(.text)
    __aeabi_ddiv                             0x08004b73   Thumb Code   222  ddiv.o(.text)
    __aeabi_d2ulz                            0x08004c51   Thumb Code    48  dfixul.o(.text)
    __aeabi_cdrcmple                         0x08004c81   Thumb Code    48  cdrcmple.o(.text)
    __scatterload                            0x08004cb1   Thumb Code    28  init.o(.text)
    __scatterload_rt2                        0x08004cb1   Thumb Code     0  init.o(.text)
    _fgetc$bs                                0x08004cd5   Thumb Code    28  fgetc_b.o(.text)
    __backspace                              0x08004cf1   Thumb Code    10  fgetc_b.o(.text)
    __aeabi_llsl                             0x08004d01   Thumb Code    30  llshl.o(.text)
    _ll_shift_l                              0x08004d01   Thumb Code     0  llshl.o(.text)
    __aeabi_llsr                             0x08004d1f   Thumb Code    32  llushr.o(.text)
    _ll_ushift_r                             0x08004d1f   Thumb Code     0  llushr.o(.text)
    __aeabi_lasr                             0x08004d3f   Thumb Code    36  llsshr.o(.text)
    _ll_sshift_r                             0x08004d3f   Thumb Code     0  llsshr.o(.text)
    __vfscanf_char                           0x08004d71   Thumb Code    20  scanf_char.o(.text)
    __semihosting_library_function           0x08004d8d   Thumb Code     0  semi.o(.text)
    isspace                                  0x08004d8d   Thumb Code    10  isspace_c.o(.text)
    __vfscanf                                0x08004d99   Thumb Code   808  _scanf.o(.text)
    __I$use$semihosting$fgetc                0x080050c5   Thumb Code     0  iusesemig.o(.text)
    __ctype_lookup                           0x080050c5   Thumb Code    34  ctype_c.o(.text)
    __decompress                             0x080050ed   Thumb Code     0  __dczerorl2.o(.text)
    __decompress1                            0x080050ed   Thumb Code    86  __dczerorl2.o(.text)
    __0printf                                0x08005145   Thumb Code    22  printfa.o(i.__0printf)
    __1printf                                0x08005145   Thumb Code     0  printfa.o(i.__0printf)
    __2printf                                0x08005145   Thumb Code     0  printfa.o(i.__0printf)
    __c89printf                              0x08005145   Thumb Code     0  printfa.o(i.__0printf)
    printf                                   0x08005145   Thumb Code     0  printfa.o(i.__0printf)
    __scatterload_copy                       0x08005165   Thumb Code    14  handlers.o(i.__scatterload_copy)
    __scatterload_null                       0x08005173   Thumb Code     2  handlers.o(i.__scatterload_null)
    __scatterload_zeroinit                   0x08005175   Thumb Code    14  handlers.o(i.__scatterload_zeroinit)
    getc                                     0x08005a17   Thumb Code     4  getc.o(i.getc)
    asc2_1206                                0x08005a4c   Data        1140  oled.o(.constdata)
    asc2_1608                                0x08005ec0   Data        1520  oled.o(.constdata)
    asc2_2412                                0x080064b0   Data        3420  oled.o(.constdata)
    auw_hamm                                 0x0800720c   Data          62  algorithm.o(.constdata)
    uch_spo2_table                           0x0800724a   Data         184  algorithm.o(.constdata)
    __ctype_categories                       0x08007302   Data          64  ctype_c.o(.constdata)
    Region$$Table$$Base                      0x080075c0   Number         0  anon$$obj.o(Region$$Table)
    Region$$Table$$Limit                     0x080075e0   Number         0  anon$$obj.o(Region$$Table)
    SystemCoreClock                          0x20000000   Data           4  system_stm32f10x.o(.data)
    AHBPrescTable                            0x20000004   Data          16  system_stm32f10x.o(.data)
    BMP1                                     0x20000028   Data         512  main.o(.data)
    BMP2                                     0x20000228   Data         512  main.o(.data)
    BMP3                                     0x20000428   Data         512  main.o(.data)
    BMP4                                     0x20000628   Data         512  main.o(.data)
    BMP5                                     0x20000828   Data         512  main.o(.data)
    BMP6                                     0x20000a28   Data         512  main.o(.data)
    BMP7                                     0x20000c28   Data         512  main.o(.data)
    BMP8                                     0x20000e28   Data         512  main.o(.data)
    BMP9                                     0x20001028   Data         512  main.o(.data)
    systmtime                                0x20001228   Data          28  main.o(.data)
    clocktime                                0x20001244   Data          28  main.o(.data)
    timeget                                  0x20001260   Data           4  main.o(.data)
    mod                                      0x20001264   Data           4  main.o(.data)
    chose                                    0x20001268   Data           4  main.o(.data)
    k                                        0x2000126c   Data           4  main.o(.data)
    clear                                    0x20001270   Data           4  main.o(.data)
    bluetooth                                0x20001274   Data           4  main.o(.data)
    n_ir_buffer_length                       0x20001278   Data           4  main.o(.data)
    n_sp02                                   0x2000127c   Data           4  main.o(.data)
    ch_spo2_valid                            0x20001280   Data           1  main.o(.data)
    n_heart_rate                             0x20001284   Data           4  main.o(.data)
    ch_hr_valid                              0x20001288   Data           1  main.o(.data)
    uch_dummy                                0x20001289   Data           1  main.o(.data)
    TimeDisplay                              0x200012bc   Data           4  bsp_rtc.o(.data)
    TimeAlarm                                0x200012c0   Data           4  bsp_rtc.o(.data)
    WEEK_STR                                 0x200012c4   Data          28  bsp_rtc.o(.data)
    zodiac_sign                              0x200012e0   Data          48  bsp_rtc.o(.data)
    en_WEEK_STR                              0x20001310   Data          28  bsp_rtc.o(.data)
    en_zodiac_sign                           0x2000132c   Data          48  bsp_rtc.o(.data)
    Hzk1                                     0x20001360   Data         352  oled.o(.data)
    Hzk2                                     0x200014c0   Data         216  oled.o(.data)
    Hzk3                                     0x20001598   Data         512  oled.o(.data)
    Hzk4                                     0x20001798   Data        4096  oled.o(.data)
    __stdin                                  0x200027a0   Data           4  stdin.o(.data)
    __stdout                                 0x200027a4   Data           4  stdout.o(.data)
    aun_ir_buffer                            0x200027ac   Data        2000  main.o(.bss)
    aun_red_buffer                           0x20002f7c   Data        2000  main.o(.bss)
    OLED_GRAM                                0x2000374c   Data        1152  oled.o(.bss)
    __initial_sp                             0x20005730   Data           0  startup_stm32f10x_hd.o(STACK)



==============================================================================

Memory Map of the image

  Image Entry point : 0x08000131

  Load Region LR_IROM1 (Base: 0x08000000, Size: 0x00009d8c, Max: 0x00080000, ABSOLUTE, COMPRESSED[0x00007c6c])

    Execution Region ER_IROM1 (Base: 0x08000000, Size: 0x000075e0, Max: 0x00080000, ABSOLUTE)

    Base Addr    Size         Type   Attr      Idx    E Section Name        Object

    0x08000000   0x00000130   Data   RO            3    RESET               startup_stm32f10x_hd.o
    0x08000130   0x00000000   Code   RO          700  * .ARM.Collect$$$$00000000  mc_w.l(entry.o)
    0x08000130   0x00000004   Code   RO          995    .ARM.Collect$$$$00000001  mc_w.l(entry2.o)
    0x08000134   0x00000004   Code   RO          998    .ARM.Collect$$$$00000004  mc_w.l(entry5.o)
    0x08000138   0x00000000   Code   RO         1000    .ARM.Collect$$$$00000008  mc_w.l(entry7b.o)
    0x08000138   0x00000000   Code   RO         1002    .ARM.Collect$$$$0000000A  mc_w.l(entry8b.o)
    0x08000138   0x00000008   Code   RO         1003    .ARM.Collect$$$$0000000B  mc_w.l(entry9a.o)
    0x08000140   0x00000000   Code   RO         1005    .ARM.Collect$$$$0000000D  mc_w.l(entry10a.o)
    0x08000140   0x00000000   Code   RO         1007    .ARM.Collect$$$$0000000F  mc_w.l(entry11a.o)
    0x08000140   0x00000004   Code   RO          996    .ARM.Collect$$$$00002712  mc_w.l(entry2.o)
    0x08000144   0x00000024   Code   RO            4    .text               startup_stm32f10x_hd.o
    0x08000168   0x000001e0   Code   RO           24    .text               system_stm32f10x.o
    0x08000348   0x000000dc   Code   RO          121    .text               misc.o
    0x08000424   0x000000c4   Code   RO          149    .text               stm32f10x_bkp.o
    0x080004e8   0x0000011c   Code   RO          233    .text               stm32f10x_exti.o
    0x08000604   0x0000035c   Code   RO          269    .text               stm32f10x_gpio.o
    0x08000960   0x000000cc   Code   RO          305    .text               stm32f10x_pwr.o
    0x08000a2c   0x000003a4   Code   RO          317    .text               stm32f10x_rcc.o
    0x08000dd0   0x0000015c   Code   RO          331    .text               stm32f10x_rtc.o
    0x08000f2c   0x00000408   Code   RO          379    .text               stm32f10x_usart.o
    0x08001334   0x00000900   Code   RO          403    .text               main.o
    0x08001c34   0x0000016c   Code   RO          472    .text               stm32f10x_it.o
    0x08001da0   0x000001dc   Code   RO          508    .text               bsp_date.o
    0x08001f7c   0x000007e0   Code   RO          523    .text               bsp_rtc.o
    0x0800275c   0x000000bc   Code   RO          542    .text               bsp_usart.o
    0x08002818   0x0000012c   Code   RO          554    .text               bsp_key.o
    0x08002944   0x00000038   Code   RO          566    .text               bsp_beep.o
    0x0800297c   0x00000924   Code   RO          578    .text               oled.o
    0x080032a0   0x00000138   Code   RO          601    .text               bsp_systick.o
    0x080033d8   0x000006a4   Code   RO          619    .text               algorithm.o
    0x08003a7c   0x000002f8   Code   RO          635    .text               max30102.o
    0x08003d74   0x00000384   Code   RO          650    .text               myiic.o
    0x080040f8   0x000000d4   Code   RO          674    .text               delay.o
    0x080041cc   0x0000022c   Code   RO          688    .text               ds18b20.o
    0x080043f8   0x00000024   Code   RO          706    .text               mc_w.l(memcpya.o)
    0x0800441c   0x00000020   Code   RO          971    .text               mc_w.l(__0scanf.o)
    0x0800443c   0x0000014c   Code   RO          973    .text               mc_w.l(_scanf_int.o)
    0x08004588   0x00000064   Code   RO          975    .text               mf_w.l(fmul.o)
    0x080045ec   0x0000007c   Code   RO          977    .text               mf_w.l(fdiv.o)
    0x08004668   0x000000e4   Code   RO          979    .text               mf_w.l(dmul.o)
    0x0800474c   0x0000000a   Code   RO          981    .text               mf_w.l(ffltui.o)
    0x08004756   0x0000001a   Code   RO          983    .text               mf_w.l(dfltui.o)
    0x08004770   0x00000032   Code   RO          985    .text               mf_w.l(ffixi.o)
    0x080047a2   0x00000028   Code   RO          987    .text               mf_w.l(ffixui.o)
    0x080047ca   0x00000026   Code   RO          989    .text               mf_w.l(f2d.o)
    0x080047f0   0x00000038   Code   RO          991    .text               mf_w.l(d2f.o)
    0x08004828   0x00000014   Code   RO          993    .text               mf_w.l(cfcmple.o)
    0x0800483c   0x0000002c   Code   RO         1010    .text               mc_w.l(uidiv.o)
    0x08004868   0x00000062   Code   RO         1012    .text               mc_w.l(uldiv.o)
    0x080048ca   0x0000001c   Code   RO         1014    .text               mc_w.l(_chval.o)
    0x080048e6   0x00000002   PAD
    0x080048e8   0x00000014   Code   RO         1016    .text               mc_w.l(scanf_char_file.o)
    0x080048fc   0x00000000   Code   RO         1018    .text               mc_w.l(iusefp.o)
    0x080048fc   0x0000006e   Code   RO         1019    .text               mf_w.l(fepilogue.o)
    0x0800496a   0x000000ba   Code   RO         1021    .text               mf_w.l(depilogue.o)
    0x08004a24   0x0000014e   Code   RO         1023    .text               mf_w.l(dadd.o)
    0x08004b72   0x000000de   Code   RO         1025    .text               mf_w.l(ddiv.o)
    0x08004c50   0x00000030   Code   RO         1027    .text               mf_w.l(dfixul.o)
    0x08004c80   0x00000030   Code   RO         1029    .text               mf_w.l(cdrcmple.o)
    0x08004cb0   0x00000024   Code   RO         1031    .text               mc_w.l(init.o)
    0x08004cd4   0x0000002c   Code   RO         1033    .text               mc_w.l(fgetc_b.o)
    0x08004d00   0x0000001e   Code   RO         1036    .text               mc_w.l(llshl.o)
    0x08004d1e   0x00000020   Code   RO         1038    .text               mc_w.l(llushr.o)
    0x08004d3e   0x00000024   Code   RO         1040    .text               mc_w.l(llsshr.o)
    0x08004d62   0x00000002   PAD
    0x08004d64   0x00000028   Code   RO         1042    .text               mc_w.l(scanf_char.o)
    0x08004d8c   0x00000000   Code   RO         1044    .text               mc_w.l(semi.o)
    0x08004d8c   0x0000000a   Code   RO         1045    .text               mc_w.l(isspace_c.o)
    0x08004d96   0x00000002   PAD
    0x08004d98   0x0000032c   Code   RO         1047    .text               mc_w.l(_scanf.o)
    0x080050c4   0x00000000   Code   RO         1049    .text               mc_w.l(iusesemig.o)
    0x080050c4   0x00000028   Code   RO         1050    .text               mc_w.l(ctype_c.o)
    0x080050ec   0x00000056   Code   RO         1061    .text               mc_w.l(__dczerorl2.o)
    0x08005142   0x00000002   PAD
    0x08005144   0x00000020   Code   RO          943    i.__0printf         mc_w.l(printfa.o)
    0x08005164   0x0000000e   Code   RO         1055    i.__scatterload_copy  mc_w.l(handlers.o)
    0x08005172   0x00000002   Code   RO         1056    i.__scatterload_null  mc_w.l(handlers.o)
    0x08005174   0x0000000e   Code   RO         1057    i.__scatterload_zeroinit  mc_w.l(handlers.o)
    0x08005182   0x00000002   PAD
    0x08005184   0x00000164   Code   RO          950    i._fp_digits        mc_w.l(printfa.o)
    0x080052e8   0x000006dc   Code   RO          951    i._printf_core      mc_w.l(printfa.o)
    0x080059c4   0x00000024   Code   RO          952    i._printf_post_padding  mc_w.l(printfa.o)
    0x080059e8   0x0000002e   Code   RO          953    i._printf_pre_padding  mc_w.l(printfa.o)
    0x08005a16   0x00000004   Code   RO          703    i.getc              mc_w.l(getc.o)
    0x08005a1a   0x00000002   PAD
    0x08005a1c   0x00000030   Data   RO          509    .constdata          bsp_date.o
    0x08005a4c   0x000017c0   Data   RO          580    .constdata          oled.o
    0x0800720c   0x000000f6   Data   RO          621    .constdata          algorithm.o
    0x08007302   0x00000040   Data   RO         1051    .constdata          mc_w.l(ctype_c.o)
    0x08007342   0x00000002   PAD
    0x08007344   0x0000027b   Data   RO          524    .conststring        bsp_rtc.o
    0x080075bf   0x00000001   PAD
    0x080075c0   0x00000020   Data   RO         1053    Region$$Table       anon$$obj.o


    Execution Region RW_IRAM1 (Base: 0x20000000, Size: 0x00005730, Max: 0x00010000, ABSOLUTE, COMPRESSED[0x0000068c])

    Base Addr    Size         Type   Attr      Idx    E Section Name        Object

    0x20000000   0x00000014   Data   RW           25    .data               system_stm32f10x.o
    0x20000014   0x00000014   Data   RW          318    .data               stm32f10x_rcc.o
    0x20000028   0x00001262   Data   RW          405    .data               main.o
    0x2000128a   0x00000002   PAD
    0x2000128c   0x00000030   Data   RW          510    .data               bsp_date.o
    0x200012bc   0x000000a4   Data   RW          525    .data               bsp_rtc.o
    0x20001360   0x00001438   Data   RW          581    .data               oled.o
    0x20002798   0x00000004   Data   RW          602    .data               bsp_systick.o
    0x2000279c   0x00000004   Data   RW          675    .data               delay.o
    0x200027a0   0x00000004   Data   RW          705    .data               mc_w.l(stdin.o)
    0x200027a4   0x00000004   Data   RW         1009    .data               mc_w.l(stdout.o)
    0x200027a8   0x00000003   Data   RW         1034    .data               mc_w.l(fgetc_b.o)
    0x200027ab   0x00000001   PAD
    0x200027ac   0x00000fa0   Zero   RW          404    .bss                main.o
    0x2000374c   0x00000480   Zero   RW          579    .bss                oled.o
    0x20003bcc   0x00001760   Zero   RW          620    .bss                algorithm.o
    0x2000532c   0x00000004   PAD
    0x20005330   0x00000400   Zero   RW            1    STACK               startup_stm32f10x_hd.o


==============================================================================

Image component sizes


      Code (inc. data)   RO Data    RW Data    ZI Data      Debug   Object Name

      1700         30        246          0       5984       5563   algorithm.o
        56          6          0          0          0        539   bsp_beep.o
       476         16         48         48          0       1973   bsp_date.o
       300          8          0          0          0       1539   bsp_key.o
      2016        726        635        164          0       3715   bsp_rtc.o
       312         26          0          4          0      17319   bsp_systick.o
       188         10          0          0          0       1015   bsp_usart.o
         0          0          0          0          0       4504   core_cm3.o
       212         18          0          4          0       1087   delay.o
       556         20          0          0          0       2418   ds18b20.o
      2304        398          0       4706       4000       6115   main.o
       760          4          0          0          0       3422   max30102.o
       220         22          0          0          0       1873   misc.o
       900         14          0          0          0       3474   myiic.o
      2340         56       6080       5176       1152       8570   oled.o
        36          8        304          0       1024        876   startup_stm32f10x_hd.o
       196          8          0          0          0       3536   stm32f10x_bkp.o
       284         10          0          0          0       2307   stm32f10x_exti.o
       860         38          0          0          0       5713   stm32f10x_gpio.o
       364         36          0          0          0       1887   stm32f10x_it.o
       204         14          0          0          0       1947   stm32f10x_pwr.o
       932         36          0         20          0       8916   stm32f10x_rcc.o
       348          6          0          0          0       2843   stm32f10x_rtc.o
      1032         22          0          0          0       8444   stm32f10x_usart.o
       480         38          0         20          0     232355   system_stm32f10x.o

    ----------------------------------------------------------------------
     17076       1570       7346      10144      12164     331950   Object Totals
         0          0         32          0          0          0   (incl. Generated)
         0          0          1          2          4          0   (incl. Padding)

    ----------------------------------------------------------------------

      Code (inc. data)   RO Data    RW Data    ZI Data      Debug   Library Member Name

        32          6          0          0          0         84   __0scanf.o
        86          0          0          0          0          0   __dczerorl2.o
        28          0          0          0          0         68   _chval.o
       812          4          0          0          0        112   _scanf.o
       332          0          0          0          0         96   _scanf_int.o
        40          6         64          0          0         68   ctype_c.o
         0          0          0          0          0          0   entry.o
         0          0          0          0          0          0   entry10a.o
         0          0          0          0          0          0   entry11a.o
         8          4          0          0          0          0   entry2.o
         4          0          0          0          0          0   entry5.o
         0          0          0          0          0          0   entry7b.o
         0          0          0          0          0          0   entry8b.o
         8          4          0          0          0          0   entry9a.o
        44          6          0          3          0        144   fgetc_b.o
         4          0          0          0          0         68   getc.o
        30          0          0          0          0          0   handlers.o
        36          8          0          0          0         68   init.o
        10          0          0          0          0         68   isspace_c.o
         0          0          0          0          0          0   iusefp.o
         0          0          0          0          0          0   iusesemig.o
        30          0          0          0          0         68   llshl.o
        36          0          0          0          0         68   llsshr.o
        32          0          0          0          0         68   llushr.o
        36          0          0          0          0         68   memcpya.o
      2226         90          0          0          0        444   printfa.o
        40          8          0          0          0         84   scanf_char.o
        20          8          0          0          0         68   scanf_char_file.o
         0          0          0          0          0          0   semi.o
         0          0          0          4          0          0   stdin.o
         0          0          0          4          0          0   stdout.o
        44          0          0          0          0         80   uidiv.o
        98          0          0          0          0         92   uldiv.o
        48          0          0          0          0         68   cdrcmple.o
        20          0          0          0          0         68   cfcmple.o
        56          0          0          0          0         88   d2f.o
       334          0          0          0          0        148   dadd.o
       222          0          0          0          0        100   ddiv.o
       186          0          0          0          0        176   depilogue.o
        48          0          0          0          0         68   dfixul.o
        26          0          0          0          0         76   dfltui.o
       228          0          0          0          0         96   dmul.o
        38          0          0          0          0         68   f2d.o
       124          0          0          0          0         88   fdiv.o
       110          0          0          0          0        168   fepilogue.o
        50          0          0          0          0         68   ffixi.o
        40          0          0          0          0         68   ffixui.o
        10          0          0          0          0         68   ffltui.o
       100          0          0          0          0         76   fmul.o

    ----------------------------------------------------------------------
      5688        144         66         12          0       3308   Library Totals
        12          0          2          1          0          0   (incl. Padding)

    ----------------------------------------------------------------------

      Code (inc. data)   RO Data    RW Data    ZI Data      Debug   Library Name

      4036        144         64         11          0       1816   mc_w.l
      1640          0          0          0          0       1492   mf_w.l

    ----------------------------------------------------------------------
      5688        144         66         12          0       3308   Library Totals

    ----------------------------------------------------------------------

==============================================================================


      Code (inc. data)   RO Data    RW Data    ZI Data      Debug   

     22764       1714       7412      10156      12164     331538   Grand Totals
     22764       1714       7412       1676      12164     331538   ELF Image Totals (compressed)
     22764       1714       7412       1676          0          0   ROM Totals

==============================================================================

    Total RO  Size (Code + RO Data)                30176 (  29.47kB)
    Total RW  Size (RW Data + ZI Data)             22320 (  21.80kB)
    Total ROM Size (Code + RO Data + RW Data)      31852 (  31.11kB)

==============================================================================

